Range ( ListItem ( Integer ( 0 , 8 , false ) )
ListItem ( Integer ( 1 , 8 , false ) )
ListItem ( Integer ( 2 , 8 , false ) )
ListItem ( Integer ( 3 , 8 , false ) ) )
