Aggregate ( variantIdx ( 0 ) , ListItem ( Integer ( 255 , 16 , true ) )
ListItem ( BoolVal ( true ) ) )
