Aggregate ( variantIdx ( 0 ) , Integer ( 255 , 4 , true ) .List )
