Aggregate ( variantIdx ( 1 ) , ListItem ( BoolVal ( true ) ) )
