Aggregate ( variantIdx ( 0 ) , ListItem ( Integer ( 15 , 8 , false ) )
ListItem ( Integer ( 31 , 8 , false ) )
ListItem ( BoolVal ( true ) ) )
