Integer ( 340282366920938463463374607431768211441 , 128 , false )
