
┌─ 1 (root, init)
│   #execTerminator ( terminator ( ... kind: terminatorKindCall ( ... func: operandC
│   span: 0
│
│  (212 steps)
├─ 3 (terminal)
│   #EndProgram ~> .K
│
┊  constraint: true
┊  subst: ...
└─ 2 (leaf, target, terminal)
    #EndProgram ~> .K



