<kmir>
  <k>
    #ProgramError ( AssertError ( assertMessageOverflow ( binOpSub , operandCopy ( place (... local: local ( 5 ) , projection: .ProjectionElems ) ) , operandCopy ( place (... local: local ( 6 ) , projection: .ProjectionElems ) ) ) ) ) ~> #execBlockIdx ( basicBlockIdx ( 5 ) ) ~> .K
  </k>
  <retVal>
    noReturn
  </retVal>
  <currentFunc>
    ty ( -2 )
  </currentFunc>
  <currentFrame>
    <currentBody>
      ListItem ( basicBlock (... statements: statement (... kind: statementKindAssign (... place: place (... local: local ( 4 ) , projection: .ProjectionElems ) , rvalue: rvalueDiscriminant ( place (... local: local ( 1 ) , projection: .ProjectionElems ) ) ) , span: span ( 213 ) )  .Statements , terminator: terminator (... kind: terminatorKindSwitchInt (... discr: operandMove ( place (... local: local ( 4 ) , projection: .ProjectionElems ) ) , targets: switchTargets (... branches: branch ( 0 , basicBlockIdx ( 16 ) )  branch ( 1 , basicBlockIdx ( 3 ) )  branch ( 2 , basicBlockIdx ( 1 ) )  .Branches , otherwise: basicBlockIdx ( 20 ) ) ) , span: span ( 212 ) ) ) )
      ListItem ( basicBlock (... statements: statement (... kind: statementKindAssign (... place: place (... local: local ( 3 ) , projection: .ProjectionElems ) , rvalue: rvalueDiscriminant ( place (... local: local ( 1 ) , projection: projectionElemDowncast ( variantIdx ( 2 ) )  projectionElemField ( fieldIdx ( 1 ) , ty ( 36 ) )  .ProjectionElems ) ) ) , span: span ( 213 ) )  .Statements , terminator: terminator (... kind: terminatorKindSwitchInt (... discr: operandMove ( place (... local: local ( 3 ) , projection: .ProjectionElems ) ) , targets: switchTargets (... branches: branch ( 1 , basicBlockIdx ( 2 ) )  branch ( 0 , basicBlockIdx ( 16 ) )  .Branches , otherwise: basicBlockIdx ( 20 ) ) ) , span: span ( 212 ) ) ) )
      ListItem ( basicBlock (... statements: statement (... kind: statementKindAssign (... place: place (... local: local ( 16 ) , projection: .ProjectionElems ) , rvalue: rvalueUse ( operandCopy ( place (... local: local ( 1 ) , projection: projectionElemDowncast ( variantIdx ( 2 ) )  projectionElemField ( fieldIdx ( 0 ) , ty ( 23 ) )  .ProjectionElems ) ) ) ) , span: span ( 216 ) )  statement (... kind: statementKindAssign (... place: place (... local: local ( 17 ) , projection: .ProjectionElems ) , rvalue: rvalueUse ( operandCopy ( place (... local: local ( 1 ) , projection: projectionElemDowncast ( variantIdx ( 2 ) )  projectionElemField ( fieldIdx ( 1 ) , ty ( 36 ) )  projectionElemDowncast ( variantIdx ( 1 ) )  projectionElemField ( fieldIdx ( 0 ) , ty ( 23 ) )  .ProjectionElems ) ) ) ) , span: span ( 217 ) )  .Statements , terminator: terminator (... kind: terminatorKindCall (... func: operandConstant ( constOperand (... span: span ( 214 ) , userTy: someUserTypeAnnotationIndex ( userTypeAnnotationIndex ( 0 ) ) , const: mirConst (... kind: constantKindZeroSized , ty: ty ( 41 ) , id: mirConstId ( 15 ) ) ) ) , args: operandCopy ( place (... local: local ( 16 ) , projection: .ProjectionElems ) )  .Operands , destination: place (... local: local ( 20 ) , projection: .ProjectionElems ) , target: someBasicBlockIdx ( basicBlockIdx ( 10 ) ) , unwind: unwindActionContinue ) , span: span ( 215 ) ) ) )
      ListItem ( basicBlock (... statements: statement (... kind: statementKindAssign (... place: place (... local: local ( 5 ) , projection: .ProjectionElems ) , rvalue: rvalueUse ( operandCopy ( place (... local: local ( 1 ) , projection: projectionElemDowncast ( variantIdx ( 1 ) )  projectionElemField ( fieldIdx ( 0 ) , ty ( 42 ) )  projectionElemField ( fieldIdx ( 0 ) , ty ( 43 ) )  .ProjectionElems ) ) ) ) , span: span ( 219 ) )  statement (... kind: statementKindAssign (... place: place (... local: local ( 6 ) , projection: .ProjectionElems ) , rvalue: rvalueUse ( operandCopy ( place (... local: local ( 1 ) , projection: projectionElemDowncast ( variantIdx ( 1 ) )  projectionElemField ( fieldIdx ( 0 ) , ty ( 42 ) )  projectionElemField ( fieldIdx ( 1 ) , ty ( 43 ) )  .ProjectionElems ) ) ) ) , span: span ( 220 ) )  statement (... kind: statementKindAssign (... place: place (... local: local ( 7 ) , projection: .ProjectionElems ) , rvalue: rvalueBinaryOp ( binOpGe , operandCopy ( place (... local: local ( 5 ) , projection: .ProjectionElems ) ) , operandCopy ( place (... local: local ( 6 ) , projection: .ProjectionElems ) ) ) ) , span: span ( 218 ) )  .Statements , terminator: terminator (... kind: terminatorKindSwitchInt (... discr: operandMove ( place (... local: local ( 7 ) , projection: .ProjectionElems ) ) , targets: switchTargets (... branches: branch ( 0 , basicBlockIdx ( 7 ) )  .Branches , otherwise: basicBlockIdx ( 4 ) ) ) , span: span ( 218 ) ) ) )
      ListItem ( basicBlock (... statements: statement (... kind: statementKindAssign (... place: place (... local: local ( 10 ) , projection: .ProjectionElems ) , rvalue: rvalueCheckedBinaryOp ( binOpSub , operandCopy ( place (... local: local ( 5 ) , projection: .ProjectionElems ) ) , operandCopy ( place (... local: local ( 6 ) , projection: .ProjectionElems ) ) ) ) , span: span ( 221 ) )  .Statements , terminator: terminator (... kind: assert (... cond: operandMove ( place (... local: local ( 10 ) , projection: projectionElemField ( fieldIdx ( 1 ) , ty ( 4 ) )  .ProjectionElems ) ) , expected: false , msg: assertMessageOverflow ( binOpSub , operandCopy ( place (... local: local ( 5 ) , projection: .ProjectionElems ) ) , operandCopy ( place (... local: local ( 6 ) , projection: .ProjectionElems ) ) ) , target: basicBlockIdx ( 5 ) , unwind: unwindActionContinue ) , span: span ( 221 ) ) ) )
      ListItem ( basicBlock (... statements: statement (... kind: statementKindAssign (... place: place (... local: local ( 9 ) , projection: .ProjectionElems ) , rvalue: rvalueUse ( operandMove ( place (... local: local ( 10 ) , projection: projectionElemField ( fieldIdx ( 0 ) , ty ( 43 ) )  .ProjectionElems ) ) ) ) , span: span ( 221 ) )  statement (... kind: statementKindAssign (... place: place (... local: local ( 8 ) , projection: .ProjectionElems ) , rvalue: rvalueBinaryOp ( binOpGe , operandMove ( place (... local: local ( 9 ) , projection: .ProjectionElems ) ) , operandConstant ( constOperand (... span: span ( 223 ) , userTy: noUserTypeAnnotationIndex , const: mirConst (... kind: constantKindAllocated ( allocation (... bytes: b"\x00\x00\x00\x00" , provenance: provenanceMap (... ptrs: .ProvenanceMapEntries ) , align: align ( 4 ) , mutability: mutabilityMut ) ) , ty: ty ( 43 ) , id: mirConstId ( 16 ) ) ) ) ) ) , span: span ( 222 ) )  .Statements , terminator: terminator (... kind: terminatorKindSwitchInt (... discr: operandMove ( place (... local: local ( 8 ) , projection: .ProjectionElems ) ) , targets: switchTargets (... branches: branch ( 0 , basicBlockIdx ( 6 ) )  .Branches , otherwise: basicBlockIdx ( 16 ) ) ) , span: span ( 222 ) ) ) )
      ListItem ( basicBlock (... statements: .Statements , terminator: terminator (... kind: terminatorKindCall (... func: operandConstant ( constOperand (... span: span ( 224 ) , userTy: noUserTypeAnnotationIndex , const: mirConst (... kind: constantKindZeroSized , ty: ty ( 44 ) , id: mirConstId ( 17 ) ) ) ) , args: operandConstant ( constOperand (... span: span ( 39 ) , userTy: noUserTypeAnnotationIndex , const: mirConst (... kind: constantKindAllocated ( allocation (... bytes: b"\x00\x00\x00\x00\x00\x00\x00\x00\x1c\x00\x00\x00\x00\x00\x00\x00" , provenance: provenanceMap (... ptrs: provenanceMapEntry (... offset: 0 , allocId: allocId ( 3 ) )  .ProvenanceMapEntries ) , align: align ( 8 ) , mutability: mutabilityMut ) ) , ty: ty ( 1 ) , id: mirConstId ( 18 ) ) ) )  .Operands , destination: place (... local: local ( 11 ) , projection: .ProjectionElems ) , target: noBasicBlockIdx , unwind: unwindActionContinue ) , span: span ( 224 ) ) ) )
      ListItem ( basicBlock (... statements: statement (... kind: statementKindAssign (... place: place (... local: local ( 14 ) , projection: .ProjectionElems ) , rvalue: rvalueCheckedBinaryOp ( binOpSub , operandCopy ( place (... local: local ( 6 ) , projection: .ProjectionElems ) ) , operandCopy ( place (... local: local ( 5 ) , projection: .ProjectionElems ) ) ) ) , span: span ( 225 ) )  .Statements , terminator: terminator (... kind: assert (... cond: operandMove ( place (... local: local ( 14 ) , projection: projectionElemField ( fieldIdx ( 1 ) , ty ( 4 ) )  .ProjectionElems ) ) , expected: false , msg: assertMessageOverflow ( binOpSub , operandCopy ( place (... local: local ( 6 ) , projection: .ProjectionElems ) ) , operandCopy ( place (... local: local ( 5 ) , projection: .ProjectionElems ) ) ) , target: basicBlockIdx ( 8 ) , unwind: unwindActionContinue ) , span: span ( 225 ) ) ) )
      ListItem ( basicBlock (... statements: statement (... kind: statementKindAssign (... place: place (... local: local ( 13 ) , projection: .ProjectionElems ) , rvalue: rvalueUse ( operandMove ( place (... local: local ( 14 ) , projection: projectionElemField ( fieldIdx ( 0 ) , ty ( 43 ) )  .ProjectionElems ) ) ) ) , span: span ( 225 ) )  statement (... kind: statementKindAssign (... place: place (... local: local ( 12 ) , projection: .ProjectionElems ) , rvalue: rvalueBinaryOp ( binOpGe , operandMove ( place (... local: local ( 13 ) , projection: .ProjectionElems ) ) , operandConstant ( constOperand (... span: span ( 227 ) , userTy: noUserTypeAnnotationIndex , const: mirConst (... kind: constantKindAllocated ( allocation (... bytes: b"\x00\x00\x00\x00" , provenance: provenanceMap (... ptrs: .ProvenanceMapEntries ) , align: align ( 4 ) , mutability: mutabilityMut ) ) , ty: ty ( 43 ) , id: mirConstId ( 16 ) ) ) ) ) ) , span: span ( 226 ) )  .Statements , terminator: terminator (... kind: terminatorKindSwitchInt (... discr: operandMove ( place (... local: local ( 12 ) , projection: .ProjectionElems ) ) , targets: switchTargets (... branches: branch ( 0 , basicBlockIdx ( 9 ) )  .Branches , otherwise: basicBlockIdx ( 16 ) ) ) , span: span ( 226 ) ) ) )
      ListItem ( basicBlock (... statements: .Statements , terminator: terminator (... kind: terminatorKindCall (... func: operandConstant ( constOperand (... span: span ( 228 ) , userTy: noUserTypeAnnotationIndex , const: mirConst (... kind: constantKindZeroSized , ty: ty ( 44 ) , id: mirConstId ( 17 ) ) ) ) , args: operandConstant ( constOperand (... span: span ( 39 ) , userTy: noUserTypeAnnotationIndex , const: mirConst (... kind: constantKindAllocated ( allocation (... bytes: b"\x00\x00\x00\x00\x00\x00\x00\x00\x1c\x00\x00\x00\x00\x00\x00\x00" , provenance: provenanceMap (... ptrs: provenanceMapEntry (... offset: 0 , allocId: allocId ( 4 ) )  .ProvenanceMapEntries ) , align: align ( 8 ) , mutability: mutabilityMut ) ) , ty: ty ( 1 ) , id: mirConstId ( 19 ) ) ) )  .Operands , destination: place (... local: local ( 15 ) , projection: .ProjectionElems ) , target: noBasicBlockIdx , unwind: unwindActionContinue ) , span: span ( 228 ) ) ) )
      ListItem ( basicBlock (... statements: .Statements , terminator: terminator (... kind: terminatorKindCall (... func: operandConstant ( constOperand (... span: span ( 229 ) , userTy: someUserTypeAnnotationIndex ( userTypeAnnotationIndex ( 1 ) ) , const: mirConst (... kind: constantKindZeroSized , ty: ty ( 41 ) , id: mirConstId ( 15 ) ) ) ) , args: operandCopy ( place (... local: local ( 17 ) , projection: .ProjectionElems ) )  .Operands , destination: place (... local: local ( 21 ) , projection: .ProjectionElems ) , target: someBasicBlockIdx ( basicBlockIdx ( 11 ) ) , unwind: unwindActionContinue ) , span: span ( 230 ) ) ) )
      ListItem ( basicBlock (... statements: statement (... kind: statementKindAssign (... place: place (... local: local ( 22 ) , projection: .ProjectionElems ) , rvalue: rvalueCheckedBinaryOp ( binOpAdd , operandCopy ( place (... local: local ( 20 ) , projection: .ProjectionElems ) ) , operandCopy ( place (... local: local ( 21 ) , projection: .ProjectionElems ) ) ) ) , span: span ( 231 ) )  .Statements , terminator: terminator (... kind: assert (... cond: operandMove ( place (... local: local ( 22 ) , projection: projectionElemField ( fieldIdx ( 1 ) , ty ( 4 ) )  .ProjectionElems ) ) , expected: false , msg: assertMessageOverflow ( binOpAdd , operandMove ( place (... local: local ( 20 ) , projection: .ProjectionElems ) ) , operandMove ( place (... local: local ( 21 ) , projection: .ProjectionElems ) ) ) , target: basicBlockIdx ( 12 ) , unwind: unwindActionContinue ) , span: span ( 231 ) ) ) )
      ListItem ( basicBlock (... statements: statement (... kind: statementKindAssign (... place: place (... local: local ( 19 ) , projection: .ProjectionElems ) , rvalue: rvalueUse ( operandMove ( place (... local: local ( 22 ) , projection: projectionElemField ( fieldIdx ( 0 ) , ty ( 26 ) )  .ProjectionElems ) ) ) ) , span: span ( 231 ) )  statement (... kind: statementKindAssign (... place: place (... local: local ( 25 ) , projection: .ProjectionElems ) , rvalue: rvalueCheckedBinaryOp ( binOpAdd , operandCopy ( place (... local: local ( 16 ) , projection: .ProjectionElems ) ) , operandCopy ( place (... local: local ( 17 ) , projection: .ProjectionElems ) ) ) ) , span: span ( 232 ) )  .Statements , terminator: terminator (... kind: assert (... cond: operandMove ( place (... local: local ( 25 ) , projection: projectionElemField ( fieldIdx ( 1 ) , ty ( 4 ) )  .ProjectionElems ) ) , expected: false , msg: assertMessageOverflow ( binOpAdd , operandCopy ( place (... local: local ( 16 ) , projection: .ProjectionElems ) ) , operandCopy ( place (... local: local ( 17 ) , projection: .ProjectionElems ) ) ) , target: basicBlockIdx ( 13 ) , unwind: unwindActionContinue ) , span: span ( 232 ) ) ) )
      ListItem ( basicBlock (... statements: statement (... kind: statementKindAssign (... place: place (... local: local ( 24 ) , projection: .ProjectionElems ) , rvalue: rvalueUse ( operandMove ( place (... local: local ( 25 ) , projection: projectionElemField ( fieldIdx ( 0 ) , ty ( 23 ) )  .ProjectionElems ) ) ) ) , span: span ( 232 ) )  .Statements , terminator: terminator (... kind: terminatorKindCall (... func: operandConstant ( constOperand (... span: span ( 233 ) , userTy: someUserTypeAnnotationIndex ( userTypeAnnotationIndex ( 2 ) ) , const: mirConst (... kind: constantKindZeroSized , ty: ty ( 41 ) , id: mirConstId ( 15 ) ) ) ) , args: operandMove ( place (... local: local ( 24 ) , projection: .ProjectionElems ) )  .Operands , destination: place (... local: local ( 23 ) , projection: .ProjectionElems ) , target: someBasicBlockIdx ( basicBlockIdx ( 14 ) ) , unwind: unwindActionContinue ) , span: span ( 234 ) ) ) )
      ListItem ( basicBlock (... statements: statement (... kind: statementKindAssign (... place: place (... local: local ( 18 ) , projection: .ProjectionElems ) , rvalue: rvalueBinaryOp ( binOpGe , operandMove ( place (... local: local ( 19 ) , projection: .ProjectionElems ) ) , operandMove ( place (... local: local ( 23 ) , projection: .ProjectionElems ) ) ) ) , span: span ( 235 ) )  .Statements , terminator: terminator (... kind: terminatorKindSwitchInt (... discr: operandMove ( place (... local: local ( 18 ) , projection: .ProjectionElems ) ) , targets: switchTargets (... branches: branch ( 0 , basicBlockIdx ( 15 ) )  .Branches , otherwise: basicBlockIdx ( 16 ) ) ) , span: span ( 235 ) ) ) )
      ListItem ( basicBlock (... statements: .Statements , terminator: terminator (... kind: terminatorKindCall (... func: operandConstant ( constOperand (... span: span ( 236 ) , userTy: noUserTypeAnnotationIndex , const: mirConst (... kind: constantKindZeroSized , ty: ty ( 44 ) , id: mirConstId ( 17 ) ) ) ) , args: operandConstant ( constOperand (... span: span ( 39 ) , userTy: noUserTypeAnnotationIndex , const: mirConst (... kind: constantKindAllocated ( allocation (... bytes: b"\x00\x00\x00\x00\x00\x00\x00\x00A\x00\x00\x00\x00\x00\x00\x00" , provenance: provenanceMap (... ptrs: provenanceMapEntry (... offset: 0 , allocId: allocId ( 5 ) )  .ProvenanceMapEntries ) , align: align ( 8 ) , mutability: mutabilityMut ) ) , ty: ty ( 1 ) , id: mirConstId ( 20 ) ) ) )  .Operands , destination: place (... local: local ( 26 ) , projection: .ProjectionElems ) , target: noBasicBlockIdx , unwind: unwindActionContinue ) , span: span ( 236 ) ) ) )
      ListItem ( basicBlock (... statements: statement (... kind: statementKindAssign (... place: place (... local: local ( 27 ) , projection: .ProjectionElems ) , rvalue: rvalueUse ( operandConstant ( constOperand (... span: span ( 238 ) , userTy: noUserTypeAnnotationIndex , const: mirConst (... kind: constantKindAllocated ( allocation (... bytes: b"\x00\x00\x00\x00\x00\x00\x00\x00" , provenance: provenanceMap (... ptrs: .ProvenanceMapEntries ) , align: align ( 8 ) , mutability: mutabilityMut ) ) , ty: ty ( 6 ) , id: mirConstId ( 22 ) ) ) ) ) ) , span: span ( 238 ) )  .Statements , terminator: terminator (... kind: terminatorKindCall (... func: operandConstant ( constOperand (... span: span ( 237 ) , userTy: noUserTypeAnnotationIndex , const: mirConst (... kind: constantKindZeroSized , ty: ty ( 45 ) , id: mirConstId ( 21 ) ) ) ) , args: operandCopy ( place (... local: local ( 2 ) , projection: .ProjectionElems ) )  .Operands , destination: place (... local: local ( 28 ) , projection: .ProjectionElems ) , target: someBasicBlockIdx ( basicBlockIdx ( 17 ) ) , unwind: unwindActionContinue ) , span: span ( 237 ) ) ) )
      ListItem ( basicBlock (... statements: statement (... kind: statementKindAssign (... place: place (... local: local ( 29 ) , projection: .ProjectionElems ) , rvalue: rvalueUse ( operandMove ( place (... local: local ( 28 ) , projection: .ProjectionElems ) ) ) ) , span: span ( 237 ) )  .Statements , terminator: terminator (... kind: terminatorKindGoto (... target: basicBlockIdx ( 18 ) ) , span: span ( 239 ) ) ) )
      ListItem ( basicBlock (... statements: statement (... kind: statementKindAssign (... place: place (... local: local ( 31 ) , projection: .ProjectionElems ) , rvalue: rvalueRef ( region (... kind: regionKindReErased ) , borrowKindMut (... kind: mutBorrowKindDefault ) , place (... local: local ( 29 ) , projection: .ProjectionElems ) ) ) , span: span ( 237 ) )  .Statements , terminator: terminator (... kind: terminatorKindCall (... func: operandConstant ( constOperand (... span: span ( 237 ) , userTy: noUserTypeAnnotationIndex , const: mirConst (... kind: constantKindZeroSized , ty: ty ( 46 ) , id: mirConstId ( 23 ) ) ) ) , args: operandCopy ( place (... local: local ( 31 ) , projection: .ProjectionElems ) )  .Operands , destination: place (... local: local ( 30 ) , projection: .ProjectionElems ) , target: someBasicBlockIdx ( basicBlockIdx ( 19 ) ) , unwind: unwindActionCleanup ( basicBlockIdx ( 27 ) ) ) , span: span ( 237 ) ) ) )
      ListItem ( basicBlock (... statements: statement (... kind: statementKindAssign (... place: place (... local: local ( 32 ) , projection: .ProjectionElems ) , rvalue: rvalueDiscriminant ( place (... local: local ( 30 ) , projection: .ProjectionElems ) ) ) , span: span ( 237 ) )  .Statements , terminator: terminator (... kind: terminatorKindSwitchInt (... discr: operandMove ( place (... local: local ( 32 ) , projection: .ProjectionElems ) ) , targets: switchTargets (... branches: branch ( 0 , basicBlockIdx ( 22 ) )  branch ( 1 , basicBlockIdx ( 21 ) )  .Branches , otherwise: basicBlockIdx ( 20 ) ) ) , span: span ( 237 ) ) ) )
      ListItem ( basicBlock (... statements: .Statements , terminator: terminator (... kind: terminatorKindUnreachable , span: span ( 237 ) ) ) )
      ListItem ( basicBlock (... statements: statement (... kind: statementKindAssign (... place: place (... local: local ( 33 ) , projection: .ProjectionElems ) , rvalue: rvalueUse ( operandCopy ( place (... local: local ( 30 ) , projection: projectionElemDowncast ( variantIdx ( 1 ) )  projectionElemField ( fieldIdx ( 0 ) , ty ( 23 ) )  .ProjectionElems ) ) ) ) , span: span ( 242 ) )  .Statements , terminator: terminator (... kind: terminatorKindCall (... func: operandConstant ( constOperand (... span: span ( 240 ) , userTy: someUserTypeAnnotationIndex ( userTypeAnnotationIndex ( 5 ) ) , const: mirConst (... kind: constantKindZeroSized , ty: ty ( 47 ) , id: mirConstId ( 24 ) ) ) ) , args: operandCopy ( place (... local: local ( 33 ) , projection: .ProjectionElems ) )  .Operands , destination: place (... local: local ( 34 ) , projection: .ProjectionElems ) , target: someBasicBlockIdx ( basicBlockIdx ( 23 ) ) , unwind: unwindActionCleanup ( basicBlockIdx ( 27 ) ) ) , span: span ( 241 ) ) ) )
      ListItem ( basicBlock (... statements: .Statements , terminator: terminator (... kind: terminatorKindDrop (... place: place (... local: local ( 29 ) , projection: .ProjectionElems ) , target: basicBlockIdx ( 26 ) , unwind: unwindActionContinue ) , span: span ( 243 ) ) ) )
      ListItem ( basicBlock (... statements: statement (... kind: statementKindAssign (... place: place (... local: local ( 35 ) , projection: .ProjectionElems ) , rvalue: rvalueCheckedBinaryOp ( binOpAdd , operandCopy ( place (... local: local ( 27 ) , projection: .ProjectionElems ) ) , operandCopy ( place (... local: local ( 34 ) , projection: .ProjectionElems ) ) ) ) , span: span ( 244 ) )  .Statements , terminator: terminator (... kind: assert (... cond: operandMove ( place (... local: local ( 35 ) , projection: projectionElemField ( fieldIdx ( 1 ) , ty ( 4 ) )  .ProjectionElems ) ) , expected: false , msg: assertMessageOverflow ( binOpAdd , operandCopy ( place (... local: local ( 27 ) , projection: .ProjectionElems ) ) , operandCopy ( place (... local: local ( 34 ) , projection: .ProjectionElems ) ) ) , target: basicBlockIdx ( 24 ) , unwind: unwindActionCleanup ( basicBlockIdx ( 27 ) ) ) , span: span ( 244 ) ) ) )
      ListItem ( basicBlock (... statements: statement (... kind: statementKindAssign (... place: place (... local: local ( 27 ) , projection: .ProjectionElems ) , rvalue: rvalueUse ( operandMove ( place (... local: local ( 35 ) , projection: projectionElemField ( fieldIdx ( 0 ) , ty ( 6 ) )  .ProjectionElems ) ) ) ) , span: span ( 244 ) )  statement (... kind: statementKindAssign (... place: place (... local: local ( 37 ) , projection: .ProjectionElems ) , rvalue: rvalueUse ( operandCopy ( place (... local: local ( 27 ) , projection: .ProjectionElems ) ) ) ) , span: span ( 246 ) )  statement (... kind: statementKindAssign (... place: place (... local: local ( 36 ) , projection: .ProjectionElems ) , rvalue: rvalueBinaryOp ( binOpGe , operandMove ( place (... local: local ( 37 ) , projection: .ProjectionElems ) ) , operandCopy ( place (... local: local ( 34 ) , projection: .ProjectionElems ) ) ) ) , span: span ( 245 ) )  .Statements , terminator: terminator (... kind: terminatorKindSwitchInt (... discr: operandMove ( place (... local: local ( 36 ) , projection: .ProjectionElems ) ) , targets: switchTargets (... branches: branch ( 0 , basicBlockIdx ( 25 ) )  .Branches , otherwise: basicBlockIdx ( 18 ) ) ) , span: span ( 245 ) ) ) )
      ListItem ( basicBlock (... statements: .Statements , terminator: terminator (... kind: terminatorKindCall (... func: operandConstant ( constOperand (... span: span ( 247 ) , userTy: noUserTypeAnnotationIndex , const: mirConst (... kind: constantKindZeroSized , ty: ty ( 44 ) , id: mirConstId ( 17 ) ) ) ) , args: operandConstant ( constOperand (... span: span ( 39 ) , userTy: noUserTypeAnnotationIndex , const: mirConst (... kind: constantKindAllocated ( allocation (... bytes: b"\x00\x00\x00\x00\x00\x00\x00\x00\x1c\x00\x00\x00\x00\x00\x00\x00" , provenance: provenanceMap (... ptrs: provenanceMapEntry (... offset: 0 , allocId: allocId ( 6 ) )  .ProvenanceMapEntries ) , align: align ( 8 ) , mutability: mutabilityMut ) ) , ty: ty ( 1 ) , id: mirConstId ( 25 ) ) ) )  .Operands , destination: place (... local: local ( 38 ) , projection: .ProjectionElems ) , target: noBasicBlockIdx , unwind: unwindActionCleanup ( basicBlockIdx ( 27 ) ) ) , span: span ( 247 ) ) ) )
      ListItem ( basicBlock (... statements: .Statements , terminator: terminator (... kind: terminatorKindReturn , span: span ( 248 ) ) ) )
      ListItem ( basicBlock (... statements: .Statements , terminator: terminator (... kind: terminatorKindDrop (... place: place (... local: local ( 29 ) , projection: .ProjectionElems ) , target: basicBlockIdx ( 28 ) , unwind: unwindActionTerminate ) , span: span ( 243 ) ) ) )
      ListItem ( basicBlock (... statements: .Statements , terminator: terminator (... kind: terminatorKindResume , span: span ( 249 ) ) ) )
    </currentBody>
    <caller>
      ty ( -1 )
    </caller>
    <dest>
      place (... local: local ( 0 ) , projection: .ProjectionElems )
    </dest>
    <target>
      noBasicBlockIdx
    </target>
    <unwind>
      unwindActionContinue
    </unwind>
    <locals>
      ListItem ( newLocal ( ty ( 2 ) , mutabilityMut ) )
      ListItem ( typedValue ( Aggregate ( variantIdx ( 1 ) , ListItem ( Aggregate ( variantIdx ( 0 ) , ListItem ( Integer ( 1923567076 , 32 , true ) )
      ListItem ( Integer ( -1940095024 , 32 , true ) ) ) ) ) , ty ( 48 ) , mutabilityNot ) )
      ListItem ( typedValue ( Range ( ListItem ( Integer ( 48 , 8 , false ) )
      ListItem ( Integer ( 187 , 8 , false ) )
      ListItem ( Integer ( 29 , 8 , false ) )
      ListItem ( Integer ( 109 , 8 , false ) )
      ListItem ( Integer ( 19 , 8 , false ) )
      ListItem ( Integer ( 44 , 8 , false ) )
      ListItem ( Integer ( 222 , 8 , false ) )
      ListItem ( Integer ( 214 , 8 , false ) ) ) , ty ( 25 ) , mutabilityNot ) )
      ListItem ( newLocal ( ty ( 49 ) , mutabilityMut ) )
      ListItem ( typedValue ( Moved , ty ( 49 ) , mutabilityMut ) )
      ListItem ( typedValue ( Integer ( 1923567076 , 32 , true ) , ty ( 43 ) , mutabilityNot ) )
      ListItem ( typedValue ( Integer ( -1940095024 , 32 , true ) , ty ( 43 ) , mutabilityNot ) )
      ListItem ( typedValue ( Moved , ty ( 4 ) , mutabilityMut ) )
      ListItem ( newLocal ( ty ( 4 ) , mutabilityMut ) )
      ListItem ( newLocal ( ty ( 43 ) , mutabilityMut ) )
      ListItem ( typedValue ( Aggregate ( variantIdx ( 0 ) , ListItem ( Integer ( -431305196 , 32 , true ) )
      ListItem ( Moved ) ) , ty ( 50 ) , mutabilityMut ) )
      ListItem ( newLocal ( ty ( 5 ) , mutabilityMut ) )
      ListItem ( newLocal ( ty ( 4 ) , mutabilityMut ) )
      ListItem ( newLocal ( ty ( 43 ) , mutabilityMut ) )
      ListItem ( newLocal ( ty ( 50 ) , mutabilityMut ) )
      ListItem ( newLocal ( ty ( 5 ) , mutabilityMut ) )
      ListItem ( newLocal ( ty ( 23 ) , mutabilityNot ) )
      ListItem ( newLocal ( ty ( 23 ) , mutabilityNot ) )
      ListItem ( newLocal ( ty ( 4 ) , mutabilityMut ) )
      ListItem ( newLocal ( ty ( 26 ) , mutabilityMut ) )
      ListItem ( newLocal ( ty ( 26 ) , mutabilityMut ) )
      ListItem ( newLocal ( ty ( 26 ) , mutabilityMut ) )
      ListItem ( newLocal ( ty ( 51 ) , mutabilityMut ) )
      ListItem ( newLocal ( ty ( 26 ) , mutabilityMut ) )
      ListItem ( newLocal ( ty ( 23 ) , mutabilityMut ) )
      ListItem ( newLocal ( ty ( 52 ) , mutabilityMut ) )
      ListItem ( newLocal ( ty ( 5 ) , mutabilityMut ) )
      ListItem ( newLocal ( ty ( 6 ) , mutabilityMut ) )
      ListItem ( newLocal ( ty ( 24 ) , mutabilityMut ) )
      ListItem ( newLocal ( ty ( 24 ) , mutabilityMut ) )
      ListItem ( newLocal ( ty ( 36 ) , mutabilityMut ) )
      ListItem ( newLocal ( ty ( 10 ) , mutabilityMut ) )
      ListItem ( newLocal ( ty ( 49 ) , mutabilityMut ) )
      ListItem ( newLocal ( ty ( 23 ) , mutabilityNot ) )
      ListItem ( newLocal ( ty ( 6 ) , mutabilityNot ) )
      ListItem ( newLocal ( ty ( 7 ) , mutabilityMut ) )
      ListItem ( newLocal ( ty ( 4 ) , mutabilityMut ) )
      ListItem ( newLocal ( ty ( 6 ) , mutabilityMut ) )
      ListItem ( newLocal ( ty ( 5 ) , mutabilityMut ) )
    </locals>
  </currentFrame>
  <stack>
    ListItem ( StackFrame ( ty ( -1 ) , place (... local: local ( -1 ) , projection: .ProjectionElems ) , noBasicBlockIdx , unwindActionUnreachable , ListItem ( newLocal ( ty ( 0 ) , mutabilityNot ) )
    ListItem ( typedValue ( Aggregate ( variantIdx ( 1 ) , ListItem ( Aggregate ( variantIdx ( 0 ) , ListItem ( Integer ( 1923567076 , 32 , true ) )
    ListItem ( Integer ( -1940095024 , 32 , true ) ) ) ) ) , ty ( 48 ) , mutabilityNot ) )
    ListItem ( typedValue ( Range ( ListItem ( Integer ( 48 , 8 , false ) )
    ListItem ( Integer ( 187 , 8 , false ) )
    ListItem ( Integer ( 29 , 8 , false ) )
    ListItem ( Integer ( 109 , 8 , false ) )
    ListItem ( Integer ( 19 , 8 , false ) )
    ListItem ( Integer ( 44 , 8 , false ) )
    ListItem ( Integer ( 222 , 8 , false ) )
    ListItem ( Integer ( 214 , 8 , false ) ) ) , ty ( 25 ) , mutabilityNot ) ) ) )
  </stack>
</kmir>