<kmir>
  <k>
    #execIntrinsic ( IntrinsicFunction ( symbol ( "assert_inhabited" ) ) , .Operands , place (... local: local ( 23 ) , projection: .ProjectionElems ) ) ~> #continueAt ( someBasicBlockIdx ( basicBlockIdx ( 8 ) ) ) ~> .K
  </k>
  <retVal>
    noReturn
  </retVal>
  <currentFunc>
    ty ( 64 )
  </currentFunc>
  <currentFrame>
    <currentBody>
      ListItem ( basicBlock (... statements: statement (... kind: statementKindStorageLive ( local ( 2 ) ) , span: span ( 247 ) )  statement (... kind: statementKindStorageLive ( local ( 3 ) ) , span: span ( 248 ) )  statement (... kind: statementKindAssign (... place: place (... local: local ( 3 ) , projection: .ProjectionElems ) , rvalue: rvalueRef ( region (... kind: regionKindReErased ) , borrowKindMut (... kind: mutBorrowKindTwoPhaseBorrow ) , place (... local: local ( 1 ) , projection: projectionElemDeref  projectionElemField ( fieldIdx ( 1 ) , ty ( 13 ) )  .ProjectionElems ) ) ) , span: span ( 248 ) )  statement (... kind: statementKindStorageLive ( local ( 5 ) ) , span: span ( 246 ) )  statement (... kind: statementKindStorageLive ( local ( 6 ) ) , span: span ( 249 ) )  statement (... kind: statementKindStorageLive ( local ( 7 ) ) , span: span ( 250 ) )  statement (... kind: statementKindAssign (... place: place (... local: local ( 7 ) , projection: .ProjectionElems ) , rvalue: rvalueRef ( region (... kind: regionKindReErased ) , borrowKindShared , place (... local: local ( 3 ) , projection: .ProjectionElems ) ) ) , span: span ( 250 ) )  statement (... kind: statementKindStorageLive ( local ( 9 ) ) , span: span ( 251 ) )  statement (... kind: statementKindAssign (... place: place (... local: local ( 9 ) , projection: .ProjectionElems ) , rvalue: rvalueUse ( operandCopy ( place (... local: local ( 3 ) , projection: projectionElemDeref  projectionElemField ( fieldIdx ( 1 ) , ty ( 3 ) )  .ProjectionElems ) ) ) ) , span: span ( 251 ) )  statement (... kind: statementKindStorageLive ( local ( 10 ) ) , span: span ( 252 ) )  statement (... kind: statementKindAssign (... place: place (... local: local ( 10 ) , projection: .ProjectionElems ) , rvalue: rvalueUse ( operandCopy ( place (... local: local ( 3 ) , projection: projectionElemDeref  projectionElemField ( fieldIdx ( 0 ) , ty ( 3 ) )  .ProjectionElems ) ) ) ) , span: span ( 252 ) )  statement (... kind: statementKindAssign (... place: place (... local: local ( 6 ) , projection: .ProjectionElems ) , rvalue: rvalueBinaryOp ( binOpSubUnchecked , operandMove ( place (... local: local ( 9 ) , projection: .ProjectionElems ) ) , operandMove ( place (... local: local ( 10 ) , projection: .ProjectionElems ) ) ) ) , span: span ( 51 ) )  statement (... kind: statementKindStorageDead ( local ( 10 ) ) , span: span ( 253 ) )  statement (... kind: statementKindStorageDead ( local ( 9 ) ) , span: span ( 253 ) )  statement (... kind: statementKindStorageDead ( local ( 7 ) ) , span: span ( 254 ) )  statement (... kind: statementKindAssign (... place: place (... local: local ( 5 ) , projection: .ProjectionElems ) , rvalue: rvalueBinaryOp ( binOpGt , operandMove ( place (... local: local ( 6 ) , projection: .ProjectionElems ) ) , operandConstant ( constOperand (... span: span ( 255 ) , userTy: noUserTypeAnnotationIndex , const: mirConst (... kind: constantKindAllocated ( allocation (... bytes: b"\x00\x00\x00\x00\x00\x00\x00\x00" , provenance: provenanceMap (... ptrs: .ProvenanceMapEntries ) , align: align ( 8 ) , mutability: mutabilityMut ) ) , ty: ty ( 3 ) , id: mirConstId ( 6 ) ) ) ) ) ) , span: span ( 246 ) )  .Statements , terminator: terminator (... kind: terminatorKindSwitchInt (... discr: operandMove ( place (... local: local ( 5 ) , projection: .ProjectionElems ) ) , targets: switchTargets (... branches: branch ( 0 , basicBlockIdx ( 2 ) )  .Branches , otherwise: basicBlockIdx ( 1 ) ) ) , span: span ( 246 ) ) ) )
      ListItem ( basicBlock (... statements: statement (... kind: statementKindStorageDead ( local ( 6 ) ) , span: span ( 255 ) )  statement (... kind: statementKindStorageLive ( local ( 8 ) ) , span: span ( 257 ) )  statement (... kind: statementKindAssign (... place: place (... local: local ( 8 ) , projection: .ProjectionElems ) , rvalue: rvalueUse ( operandCopy ( place (... local: local ( 3 ) , projection: projectionElemDeref  projectionElemField ( fieldIdx ( 0 ) , ty ( 3 ) )  .ProjectionElems ) ) ) ) , span: span ( 258 ) )  statement (... kind: statementKindStorageLive ( local ( 11 ) ) , span: span ( 259 ) )  statement (... kind: statementKindStorageLive ( local ( 12 ) ) , span: span ( 256 ) )  statement (... kind: statementKindAssign (... place: place (... local: local ( 12 ) , projection: .ProjectionElems ) , rvalue: rvalueNullaryOp ( nullOpUbChecks , ty ( 4 ) ) ) , span: span ( 260 ) )  .Statements , terminator: terminator (... kind: terminatorKindSwitchInt (... discr: operandMove ( place (... local: local ( 12 ) , projection: .ProjectionElems ) ) , targets: switchTargets (... branches: branch ( 0 , basicBlockIdx ( 4 ) )  .Branches , otherwise: basicBlockIdx ( 3 ) ) ) , span: span ( 256 ) ) ) )
      ListItem ( basicBlock (... statements: statement (... kind: statementKindStorageDead ( local ( 6 ) ) , span: span ( 255 ) )  statement (... kind: statementKindAssign (... place: place (... local: local ( 2 ) , projection: .ProjectionElems ) , rvalue: rvalueUse ( operandConstant ( constOperand (... span: span ( 39 ) , userTy: noUserTypeAnnotationIndex , const: mirConst (... kind: constantKindAllocated ( allocation (... bytes: b"\x00\x00\x00\x00\x00\x00\x00\x00\x00\x00\x00\x00\x00\x00\x00\x00" , provenance: provenanceMap (... ptrs: .ProvenanceMapEntries ) , align: align ( 8 ) , mutability: mutabilityNot ) ) , ty: ty ( 48 ) , id: mirConstId ( 14 ) ) ) ) ) ) , span: span ( 262 ) )  statement (... kind: statementKindStorageDead ( local ( 5 ) ) , span: span ( 263 ) )  statement (... kind: statementKindStorageDead ( local ( 3 ) ) , span: span ( 264 ) )  statement (... kind: statementKindStorageLive ( local ( 26 ) ) , span: span ( 265 ) )  statement (... kind: statementKindAssign (... place: place (... local: local ( 4 ) , projection: .ProjectionElems ) , rvalue: rvalueRef ( region (... kind: regionKindReErased ) , borrowKindShared , place (... local: local ( 1 ) , projection: projectionElemDeref  projectionElemField ( fieldIdx ( 0 ) , ty ( 11 ) )  .ProjectionElems ) ) ) , span: span ( 265 ) )  statement (... kind: statementKindAssign (... place: place (... local: local ( 26 ) , projection: .ProjectionElems ) , rvalue: rvalueUse ( operandCopy ( place (... local: local ( 4 ) , projection: .ProjectionElems ) ) ) ) , span: span ( 265 ) )  statement (... kind: statementKindAssign (... place: place (... local: local ( 0 ) , projection: .ProjectionElems ) , rvalue: rvalueAggregate ( aggregateKindAdt ( adtDef ( 15 ) , variantIdx ( 0 ) , genericArgKindType ( ty ( 23 ) )  .GenericArgs , noUserTypeAnnotationIndex , noFieldIdx ) , .Operands ) ) , span: span ( 266 ) )  .Statements , terminator: terminator (... kind: terminatorKindGoto (... target: basicBlockIdx ( 5 ) ) , span: span ( 261 ) ) ) )
      ListItem ( basicBlock (... statements: .Statements , terminator: terminator (... kind: terminatorKindCall (... func: operandConstant ( constOperand (... span: span ( 267 ) , userTy: noUserTypeAnnotationIndex , const: mirConst (... kind: constantKindZeroSized , ty: ty ( 49 ) , id: mirConstId ( 15 ) ) ) ) , args: operandCopy ( place (... local: local ( 8 ) , projection: .ProjectionElems ) )  operandConstant ( constOperand (... span: span ( 39 ) , userTy: noUserTypeAnnotationIndex , const: mirConst (... kind: constantKindAllocated ( allocation (... bytes: b"\x01\x00\x00\x00\x00\x00\x00\x00" , provenance: provenanceMap (... ptrs: .ProvenanceMapEntries ) , align: align ( 8 ) , mutability: mutabilityMut ) ) , ty: ty ( 3 ) , id: mirConstId ( 13 ) ) ) )  .Operands , destination: place (... local: local ( 13 ) , projection: .ProjectionElems ) , target: someBasicBlockIdx ( basicBlockIdx ( 4 ) ) , unwind: unwindActionUnreachable ) , span: span ( 268 ) ) ) )
      ListItem ( basicBlock (... statements: statement (... kind: statementKindStorageDead ( local ( 12 ) ) , span: span ( 270 ) )  statement (... kind: statementKindAssign (... place: place (... local: local ( 11 ) , projection: .ProjectionElems ) , rvalue: rvalueBinaryOp ( binOpAddUnchecked , operandCopy ( place (... local: local ( 8 ) , projection: .ProjectionElems ) ) , operandConstant ( constOperand (... span: span ( 39 ) , userTy: noUserTypeAnnotationIndex , const: mirConst (... kind: constantKindAllocated ( allocation (... bytes: b"\x01\x00\x00\x00\x00\x00\x00\x00" , provenance: provenanceMap (... ptrs: .ProvenanceMapEntries ) , align: align ( 8 ) , mutability: mutabilityMut ) ) , ty: ty ( 3 ) , id: mirConstId ( 13 ) ) ) ) ) ) , span: span ( 271 ) )  statement (... kind: statementKindAssign (... place: place (... local: local ( 3 ) , projection: projectionElemDeref  projectionElemField ( fieldIdx ( 0 ) , ty ( 3 ) )  .ProjectionElems ) , rvalue: rvalueUse ( operandMove ( place (... local: local ( 11 ) , projection: .ProjectionElems ) ) ) ) , span: span ( 272 ) )  statement (... kind: statementKindStorageDead ( local ( 11 ) ) , span: span ( 273 ) )  statement (... kind: statementKindAssign (... place: place (... local: local ( 2 ) , projection: .ProjectionElems ) , rvalue: rvalueAggregate ( aggregateKindAdt ( adtDef ( 15 ) , variantIdx ( 1 ) , genericArgKindType ( ty ( 3 ) )  .GenericArgs , noUserTypeAnnotationIndex , noFieldIdx ) , operandMove ( place (... local: local ( 8 ) , projection: .ProjectionElems ) )  .Operands ) ) , span: span ( 274 ) )  statement (... kind: statementKindStorageDead ( local ( 8 ) ) , span: span ( 275 ) )  statement (... kind: statementKindStorageDead ( local ( 5 ) ) , span: span ( 263 ) )  statement (... kind: statementKindStorageDead ( local ( 3 ) ) , span: span ( 264 ) )  statement (... kind: statementKindStorageLive ( local ( 26 ) ) , span: span ( 265 ) )  statement (... kind: statementKindAssign (... place: place (... local: local ( 4 ) , projection: .ProjectionElems ) , rvalue: rvalueRef ( region (... kind: regionKindReErased ) , borrowKindShared , place (... local: local ( 1 ) , projection: projectionElemDeref  projectionElemField ( fieldIdx ( 0 ) , ty ( 11 ) )  .ProjectionElems ) ) ) , span: span ( 265 ) )  statement (... kind: statementKindAssign (... place: place (... local: local ( 26 ) , projection: .ProjectionElems ) , rvalue: rvalueUse ( operandCopy ( place (... local: local ( 4 ) , projection: .ProjectionElems ) ) ) ) , span: span ( 265 ) )  statement (... kind: statementKindAssign (... place: place (... local: local ( 14 ) , projection: .ProjectionElems ) , rvalue: rvalueUse ( operandMove ( place (... local: local ( 2 ) , projection: projectionElemDowncast ( variantIdx ( 1 ) )  projectionElemField ( fieldIdx ( 0 ) , ty ( 3 ) )  .ProjectionElems ) ) ) ) , span: span ( 276 ) )  statement (... kind: statementKindStorageLive ( local ( 15 ) ) , span: span ( 277 ) )  statement (... kind: statementKindStorageLive ( local ( 25 ) ) , span: span ( 278 ) )  statement (... kind: statementKindAssign (... place: place (... local: local ( 25 ) , projection: .ProjectionElems ) , rvalue: rvalueUse ( operandCopy ( place (... local: local ( 4 ) , projection: .ProjectionElems ) ) ) ) , span: span ( 278 ) )  statement (... kind: statementKindStorageLive ( local ( 16 ) ) , span: span ( 277 ) )  statement (... kind: statementKindStorageLive ( local ( 17 ) ) , span: span ( 277 ) )  statement (... kind: statementKindAssign (... place: place (... local: local ( 16 ) , projection: .ProjectionElems ) , rvalue: rvalueCast ( castKindPointerCoercion ( pointerCoercionUnsize ) , operandCopy ( place (... local: local ( 4 ) , projection: .ProjectionElems ) ) , ty ( 50 ) ) ) , span: span ( 279 ) )  statement (... kind: statementKindStorageLive ( local ( 18 ) ) , span: span ( 280 ) )  statement (... kind: statementKindAssign (... place: place (... local: local ( 18 ) , projection: .ProjectionElems ) , rvalue: rvalueAddressOf ( mutabilityNot , place (... local: local ( 16 ) , projection: projectionElemDeref  .ProjectionElems ) ) ) , span: span ( 280 ) )  statement (... kind: statementKindStorageLive ( local ( 19 ) ) , span: span ( 269 ) )  statement (... kind: statementKindAssign (... place: place (... local: local ( 19 ) , projection: .ProjectionElems ) , rvalue: rvalueNullaryOp ( nullOpUbChecks , ty ( 4 ) ) ) , span: span ( 260 ) )  .Statements , terminator: terminator (... kind: terminatorKindSwitchInt (... discr: operandMove ( place (... local: local ( 19 ) , projection: .ProjectionElems ) ) , targets: switchTargets (... branches: branch ( 0 , basicBlockIdx ( 7 ) )  .Branches , otherwise: basicBlockIdx ( 6 ) ) ) , span: span ( 269 ) ) ) )
      ListItem ( basicBlock (... statements: statement (... kind: statementKindStorageDead ( local ( 26 ) ) , span: span ( 282 ) )  statement (... kind: statementKindStorageDead ( local ( 2 ) ) , span: span ( 282 ) )  .Statements , terminator: terminator (... kind: terminatorKindReturn , span: span ( 281 ) ) ) )
      ListItem ( basicBlock (... statements: .Statements , terminator: terminator (... kind: terminatorKindCall (... func: operandConstant ( constOperand (... span: span ( 283 ) , userTy: noUserTypeAnnotationIndex , const: mirConst (... kind: constantKindZeroSized , ty: ty ( 51 ) , id: mirConstId ( 16 ) ) ) ) , args: operandCopy ( place (... local: local ( 14 ) , projection: .ProjectionElems ) )  operandConstant ( constOperand (... span: span ( 39 ) , userTy: noUserTypeAnnotationIndex , const: mirConst (... kind: constantKindAllocated ( allocation (... bytes: b"\x08\x00\x00\x00\x00\x00\x00\x00" , provenance: provenanceMap (... ptrs: .ProvenanceMapEntries ) , align: align ( 8 ) , mutability: mutabilityMut ) ) , ty: ty ( 3 ) , id: mirConstId ( 5 ) ) ) )  .Operands , destination: place (... local: local ( 20 ) , projection: .ProjectionElems ) , target: someBasicBlockIdx ( basicBlockIdx ( 7 ) ) , unwind: unwindActionUnreachable ) , span: span ( 284 ) ) ) )
      ListItem ( basicBlock (... statements: statement (... kind: statementKindStorageDead ( local ( 19 ) ) , span: span ( 287 ) )  statement (... kind: statementKindStorageLive ( local ( 21 ) ) , span: span ( 288 ) )  statement (... kind: statementKindAssign (... place: place (... local: local ( 21 ) , projection: .ProjectionElems ) , rvalue: rvalueBinaryOp ( binOpLt , operandCopy ( place (... local: local ( 14 ) , projection: .ProjectionElems ) ) , operandConstant ( constOperand (... span: span ( 39 ) , userTy: noUserTypeAnnotationIndex , const: mirConst (... kind: constantKindAllocated ( allocation (... bytes: b"\x08\x00\x00\x00\x00\x00\x00\x00" , provenance: provenanceMap (... ptrs: .ProvenanceMapEntries ) , align: align ( 8 ) , mutability: mutabilityMut ) ) , ty: ty ( 3 ) , id: mirConstId ( 5 ) ) ) ) ) ) , span: span ( 288 ) )  statement (... kind: statementKindIntrinsic ( nonDivergingIntrinsicAssume ( operandMove ( place (... local: local ( 21 ) , projection: .ProjectionElems ) ) ) ) , span: span ( 289 ) )  statement (... kind: statementKindStorageDead ( local ( 21 ) ) , span: span ( 290 ) )  statement (... kind: statementKindStorageLive ( local ( 22 ) ) , span: span ( 291 ) )  statement (... kind: statementKindAssign (... place: place (... local: local ( 22 ) , projection: .ProjectionElems ) , rvalue: rvalueCast ( castKindPtrToPtr , operandCopy ( place (... local: local ( 18 ) , projection: .ProjectionElems ) ) , ty ( 53 ) ) ) , span: span ( 292 ) )  statement (... kind: statementKindAssign (... place: place (... local: local ( 17 ) , projection: .ProjectionElems ) , rvalue: rvalueBinaryOp ( binOpOffset , operandCopy ( place (... local: local ( 22 ) , projection: .ProjectionElems ) ) , operandCopy ( place (... local: local ( 14 ) , projection: .ProjectionElems ) ) ) ) , span: span ( 293 ) )  statement (... kind: statementKindStorageDead ( local ( 22 ) ) , span: span ( 291 ) )  statement (... kind: statementKindStorageDead ( local ( 18 ) ) , span: span ( 294 ) )  .Statements , terminator: terminator (... kind: terminatorKindCall (... func: operandConstant ( constOperand (... span: span ( 285 ) , userTy: noUserTypeAnnotationIndex , const: mirConst (... kind: constantKindZeroSized , ty: ty ( 52 ) , id: mirConstId ( 17 ) ) ) ) , args: .Operands , destination: place (... local: local ( 23 ) , projection: .ProjectionElems ) , target: someBasicBlockIdx ( basicBlockIdx ( 8 ) ) , unwind: unwindActionUnreachable ) , span: span ( 286 ) ) ) )
      ListItem ( basicBlock (... statements: statement (... kind: statementKindStorageLive ( local ( 24 ) ) , span: span ( 296 ) )  statement (... kind: statementKindAssign (... place: place (... local: local ( 24 ) , projection: .ProjectionElems ) , rvalue: rvalueCast ( castKindPtrToPtr , operandCopy ( place (... local: local ( 17 ) , projection: .ProjectionElems ) ) , ty ( 54 ) ) ) , span: span ( 297 ) )  statement (... kind: statementKindAssign (... place: place (... local: local ( 15 ) , projection: .ProjectionElems ) , rvalue: rvalueUse ( operandCopy ( place (... local: local ( 24 ) , projection: projectionElemDeref  .ProjectionElems ) ) ) ) , span: span ( 298 ) )  statement (... kind: statementKindStorageDead ( local ( 24 ) ) , span: span ( 299 ) )  statement (... kind: statementKindStorageDead ( local ( 17 ) ) , span: span ( 277 ) )  statement (... kind: statementKindStorageDead ( local ( 16 ) ) , span: span ( 277 ) )  statement (... kind: statementKindStorageDead ( local ( 25 ) ) , span: span ( 300 ) )  statement (... kind: statementKindAssign (... place: place (... local: local ( 0 ) , projection: .ProjectionElems ) , rvalue: rvalueAggregate ( aggregateKindAdt ( adtDef ( 15 ) , variantIdx ( 1 ) , genericArgKindType ( ty ( 23 ) )  .GenericArgs , noUserTypeAnnotationIndex , noFieldIdx ) , operandMove ( place (... local: local ( 15 ) , projection: .ProjectionElems ) )  .Operands ) ) , span: span ( 301 ) )  statement (... kind: statementKindStorageDead ( local ( 15 ) ) , span: span ( 295 ) )  .Statements , terminator: terminator (... kind: terminatorKindGoto (... target: basicBlockIdx ( 5 ) ) , span: span ( 295 ) ) ) )
    </currentBody>
    <caller>
      ty ( -2 )
    </caller>
    <dest>
      place (... local: local ( 31 ) , projection: .ProjectionElems )
    </dest>
    <target>
      someBasicBlockIdx ( basicBlockIdx ( 19 ) )
    </target>
    <unwind>
      unwindActionCleanup ( basicBlockIdx ( 35 ) )
    </unwind>
    <locals>
      ListItem ( newLocal ( ty ( 55 ) , mutabilityMut ) )
      ListItem ( typedValue ( Reference ( 1 , place (... local: local ( 30 ) , projection: .ProjectionElems ) , mutabilityMut , metadata ( noMetadataSize , 0 , noMetadataSize ) ) , ty ( 10 ) , mutabilityNot ) )
      ListItem ( typedValue ( Aggregate ( variantIdx ( 1 ) , ListItem ( Moved ) ) , ty ( 48 ) , mutabilityMut ) )
      ListItem ( typedValue ( Reference ( 1 , place (... local: local ( 30 ) , projection: projectionElemField ( fieldIdx ( 1 ) , ty ( 13 ) )  .ProjectionElems ) , mutabilityMut , metadata ( noMetadataSize , 0 , noMetadataSize ) ) , ty ( 56 ) , mutabilityMut ) )
      ListItem ( typedValue ( Reference ( 1 , place (... local: local ( 30 ) , projection: projectionElemField ( fieldIdx ( 0 ) , ty ( 11 ) )  .ProjectionElems ) , mutabilityNot , metadata ( staticSize ( 8 ) , 0 , noMetadataSize ) ) , ty ( 57 ) , mutabilityMut ) )
      ListItem ( typedValue ( Moved , ty ( 4 ) , mutabilityMut ) )
      ListItem ( typedValue ( Moved , ty ( 3 ) , mutabilityMut ) )
      ListItem ( typedValue ( Reference ( 0 , place (... local: local ( 3 ) , projection: .ProjectionElems ) , mutabilityNot , metadata ( noMetadataSize , 0 , noMetadataSize ) ) , ty ( 58 ) , mutabilityMut ) )
      ListItem ( typedValue ( Moved , ty ( 3 ) , mutabilityMut ) )
      ListItem ( typedValue ( Moved , ty ( 3 ) , mutabilityMut ) )
      ListItem ( typedValue ( Moved , ty ( 3 ) , mutabilityMut ) )
      ListItem ( typedValue ( Moved , ty ( 3 ) , mutabilityMut ) )
      ListItem ( typedValue ( Moved , ty ( 4 ) , mutabilityMut ) )
      ListItem ( newLocal ( ty ( 2 ) , mutabilityNot ) )
      ListItem ( typedValue ( Integer ( 0 , 64 , false ) , ty ( 3 ) , mutabilityNot ) )
      ListItem ( newLocal ( ty ( 23 ) , mutabilityMut ) )
      ListItem ( typedValue ( Reference ( 1 , place (... local: local ( 30 ) , projection: projectionElemField ( fieldIdx ( 0 ) , ty ( 11 ) )  .ProjectionElems ) , mutabilityNot , metadata ( dynamicSize ( 8 ) , 0 , noMetadataSize ) ) , ty ( 50 ) , mutabilityMut ) )
      ListItem ( typedValue ( PtrLocal ( 1 , place (... local: local ( 30 ) , projection: projectionElemField ( fieldIdx ( 0 ) , ty ( 11 ) )  .ProjectionElems ) , mutabilityNot , metadata ( noMetadataSize , 0 , dynamicSize ( 8 ) ) ) , ty ( 53 ) , mutabilityNot ) )
      ListItem ( typedValue ( PtrLocal ( 1 , place (... local: local ( 30 ) , projection: projectionElemField ( fieldIdx ( 0 ) , ty ( 11 ) )  .ProjectionElems ) , mutabilityNot , metadata ( dynamicSize ( 8 ) , 0 , noMetadataSize ) ) , ty ( 15 ) , mutabilityMut ) )
      ListItem ( typedValue ( Moved , ty ( 4 ) , mutabilityMut ) )
      ListItem ( newLocal ( ty ( 2 ) , mutabilityNot ) )
      ListItem ( typedValue ( Moved , ty ( 4 ) , mutabilityMut ) )
      ListItem ( typedValue ( PtrLocal ( 1 , place (... local: local ( 30 ) , projection: projectionElemField ( fieldIdx ( 0 ) , ty ( 11 ) )  .ProjectionElems ) , mutabilityNot , metadata ( noMetadataSize , 0 , dynamicSize ( 8 ) ) ) , ty ( 53 ) , mutabilityNot ) )
      ListItem ( newLocal ( ty ( 2 ) , mutabilityNot ) )
      ListItem ( newLocal ( ty ( 54 ) , mutabilityMut ) )
      ListItem ( typedValue ( Reference ( 1 , place (... local: local ( 30 ) , projection: projectionElemField ( fieldIdx ( 0 ) , ty ( 11 ) )  .ProjectionElems ) , mutabilityNot , metadata ( staticSize ( 8 ) , 0 , noMetadataSize ) ) , ty ( 57 ) , mutabilityMut ) )
      ListItem ( typedValue ( Reference ( 1 , place (... local: local ( 30 ) , projection: projectionElemField ( fieldIdx ( 0 ) , ty ( 11 ) )  .ProjectionElems ) , mutabilityNot , metadata ( staticSize ( 8 ) , 0 , noMetadataSize ) ) , ty ( 57 ) , mutabilityMut ) )
    </locals>
  </currentFrame>
  <stack>
    ListItem ( StackFrame ( ty ( -1 ) , place (... local: local ( 0 ) , projection: .ProjectionElems ) , noBasicBlockIdx , unwindActionContinue , ListItem ( newLocal ( ty ( 2 ) , mutabilityMut ) )
    ListItem ( typedValue ( Aggregate ( variantIdx ( 0 ) , .List ) , ty ( 68 ) , mutabilityNot ) )
    ListItem ( typedValue ( Range ( ListItem ( Integer ( 46 , 8 , false ) )
    ListItem ( Integer ( 43 , 8 , false ) )
    ListItem ( Integer ( 184 , 8 , false ) )
    ListItem ( Integer ( 86 , 8 , false ) )
    ListItem ( Integer ( 157 , 8 , false ) )
    ListItem ( Integer ( 128 , 8 , false ) )
    ListItem ( Integer ( 108 , 8 , false ) )
    ListItem ( Integer ( 18 , 8 , false ) ) ) , ty ( 25 ) , mutabilityNot ) )
    ListItem ( typedValue ( Reference ( 1 , place (... local: local ( 4 ) , projection: .ProjectionElems ) , mutabilityNot , metadata ( dynamicSize ( 10 ) , 0 , dynamicSize ( 10 ) ) ) , ty ( 32 ) , mutabilityNot ) )
    ListItem ( newLocal ( ty ( 69 ) , mutabilityMut ) )
    ListItem ( typedValue ( Moved , ty ( 69 ) , mutabilityMut ) )
    ListItem ( newLocal ( ty ( 28 ) , mutabilityNot ) )
    ListItem ( newLocal ( ty ( 28 ) , mutabilityNot ) )
    ListItem ( newLocal ( ty ( 4 ) , mutabilityMut ) )
    ListItem ( newLocal ( ty ( 4 ) , mutabilityMut ) )
    ListItem ( newLocal ( ty ( 28 ) , mutabilityMut ) )
    ListItem ( newLocal ( ty ( 70 ) , mutabilityMut ) )
    ListItem ( newLocal ( ty ( 5 ) , mutabilityMut ) )
    ListItem ( newLocal ( ty ( 4 ) , mutabilityMut ) )
    ListItem ( newLocal ( ty ( 28 ) , mutabilityMut ) )
    ListItem ( newLocal ( ty ( 70 ) , mutabilityMut ) )
    ListItem ( newLocal ( ty ( 5 ) , mutabilityMut ) )
    ListItem ( newLocal ( ty ( 23 ) , mutabilityNot ) )
    ListItem ( newLocal ( ty ( 23 ) , mutabilityNot ) )
    ListItem ( newLocal ( ty ( 4 ) , mutabilityMut ) )
    ListItem ( newLocal ( ty ( 36 ) , mutabilityMut ) )
    ListItem ( newLocal ( ty ( 36 ) , mutabilityMut ) )
    ListItem ( newLocal ( ty ( 36 ) , mutabilityMut ) )
    ListItem ( newLocal ( ty ( 71 ) , mutabilityMut ) )
    ListItem ( newLocal ( ty ( 36 ) , mutabilityMut ) )
    ListItem ( newLocal ( ty ( 23 ) , mutabilityMut ) )
    ListItem ( newLocal ( ty ( 72 ) , mutabilityMut ) )
    ListItem ( newLocal ( ty ( 5 ) , mutabilityMut ) )
    ListItem ( typedValue ( Integer ( 0 , 64 , false ) , ty ( 6 ) , mutabilityMut ) )
    ListItem ( typedValue ( Moved , ty ( 24 ) , mutabilityMut ) )
    ListItem ( typedValue ( Aggregate ( variantIdx ( 0 ) , ListItem ( thunk ( #cast ( Range ( ListItem ( Integer ( 46 , 8 , false ) )
    ListItem ( Integer ( 43 , 8 , false ) )
    ListItem ( Integer ( 184 , 8 , false ) )
    ListItem ( Integer ( 86 , 8 , false ) )
    ListItem ( Integer ( 157 , 8 , false ) )
    ListItem ( Integer ( 128 , 8 , false ) )
    ListItem ( Integer ( 108 , 8 , false ) )
    ListItem ( Integer ( 18 , 8 , false ) ) ) , castKindTransmute , ty ( 25 ) , ty ( 11 ) ) ) )
    ListItem ( Aggregate ( variantIdx ( 0 ) , ListItem ( Integer ( 1 , 64 , false ) )
    ListItem ( Integer ( 8 , 64 , false ) ) ) ) ) , ty ( 24 ) , mutabilityMut ) )
    ListItem ( newLocal ( ty ( 55 ) , mutabilityMut ) )
    ListItem ( typedValue ( Reference ( 0 , place (... local: local ( 30 ) , projection: .ProjectionElems ) , mutabilityMut , metadata ( noMetadataSize , 0 , noMetadataSize ) ) , ty ( 10 ) , mutabilityMut ) )
    ListItem ( newLocal ( ty ( 69 ) , mutabilityMut ) )
    ListItem ( newLocal ( ty ( 23 ) , mutabilityNot ) )
    ListItem ( newLocal ( ty ( 6 ) , mutabilityNot ) )
    ListItem ( newLocal ( ty ( 7 ) , mutabilityMut ) )
    ListItem ( newLocal ( ty ( 4 ) , mutabilityMut ) )
    ListItem ( newLocal ( ty ( 6 ) , mutabilityMut ) )
    ListItem ( newLocal ( ty ( 5 ) , mutabilityMut ) )
    ListItem ( newLocal ( ty ( 28 ) , mutabilityMut ) )
    ListItem ( newLocal ( ty ( 31 ) , mutabilityMut ) )
    ListItem ( newLocal ( ty ( 31 ) , mutabilityMut ) )
    ListItem ( newLocal ( ty ( 40 ) , mutabilityMut ) )
    ListItem ( newLocal ( ty ( 44 ) , mutabilityMut ) )
    ListItem ( newLocal ( ty ( 69 ) , mutabilityMut ) )
    ListItem ( newLocal ( ty ( 41 ) , mutabilityNot ) )
    ListItem ( newLocal ( ty ( 4 ) , mutabilityMut ) )
    ListItem ( newLocal ( ty ( 28 ) , mutabilityMut ) )
    ListItem ( newLocal ( ty ( 28 ) , mutabilityMut ) )
    ListItem ( newLocal ( ty ( 28 ) , mutabilityMut ) )
    ListItem ( newLocal ( ty ( 4 ) , mutabilityMut ) )
    ListItem ( newLocal ( ty ( 28 ) , mutabilityMut ) )
    ListItem ( newLocal ( ty ( 28 ) , mutabilityMut ) )
    ListItem ( newLocal ( ty ( 5 ) , mutabilityMut ) ) ) )
    ListItem ( StackFrame ( ty ( -1 ) , place (... local: local ( -1 ) , projection: .ProjectionElems ) , noBasicBlockIdx , unwindActionUnreachable , ListItem ( newLocal ( ty ( 0 ) , mutabilityNot ) )
    ListItem ( typedValue ( Aggregate ( variantIdx ( 0 ) , .List ) , ty ( 68 ) , mutabilityNot ) )
    ListItem ( typedValue ( Range ( ListItem ( Integer ( 46 , 8 , false ) )
    ListItem ( Integer ( 43 , 8 , false ) )
    ListItem ( Integer ( 184 , 8 , false ) )
    ListItem ( Integer ( 86 , 8 , false ) )
    ListItem ( Integer ( 157 , 8 , false ) )
    ListItem ( Integer ( 128 , 8 , false ) )
    ListItem ( Integer ( 108 , 8 , false ) )
    ListItem ( Integer ( 18 , 8 , false ) ) ) , ty ( 25 ) , mutabilityNot ) )
    ListItem ( typedValue ( Reference ( 0 , place (... local: local ( 4 ) , projection: .ProjectionElems ) , mutabilityNot , metadata ( dynamicSize ( 10 ) , 0 , dynamicSize ( 10 ) ) ) , ty ( 32 ) , mutabilityNot ) )
    ListItem ( typedValue ( Range ( ListItem ( Integer ( 2146275893 , 32 , true ) )
    ListItem ( Integer ( 594729871 , 32 , true ) )
    ListItem ( Integer ( 1871367442 , 32 , true ) )
    ListItem ( Integer ( 8878959 , 32 , true ) )
    ListItem ( Integer ( 1723174375 , 32 , true ) )
    ListItem ( Integer ( 1593574474 , 32 , true ) )
    ListItem ( Integer ( -584053575 , 32 , true ) )
    ListItem ( Integer ( 1854766825 , 32 , true ) )
    ListItem ( Integer ( 1751273387 , 32 , true ) )
    ListItem ( Integer ( -1385399937 , 32 , true ) ) ) , ty ( 26 ) , mutabilityNot ) ) ) )
  </stack>
</kmir>