<kmir>
  <k>
    srandInt ( 1 ) ~> #execTerminator ( terminator (... kind: terminatorKindCall (... func: operandConstant ( constOperand (... span: span ( 0 ) , userTy: noUserTypeAnnotationIndex , const: mirConst (... kind: constantKindZeroSized , ty: ty ( -2 ) , id: mirConstId ( 0 ) ) ) ) , args: operandCopy ( place (... local: local ( 1 ) , projection: .ProjectionElems ) )  operandCopy ( place (... local: local ( 2 ) , projection: .ProjectionElems ) )  operandCopy ( place (... local: local ( 3 ) , projection: .ProjectionElems ) )  .Operands , destination: place (... local: local ( 0 ) , projection: .ProjectionElems ) , target: noBasicBlockIdx , unwind: unwindActionContinue ) , span: span ( 0 ) ) ) ~> .K
  </k>
  <retVal>
    noReturn
  </retVal>
  <currentFunc>
    ty ( -1 )
  </currentFunc>
  <currentFrame>
    <currentBody>
      .List
    </currentBody>
    <caller>
      ty ( -1 )
    </caller>
    <dest>
      place (... local: local ( -1 ) , projection: .ProjectionElems )
    </dest>
    <target>
      noBasicBlockIdx
    </target>
    <unwind>
      unwindActionUnreachable
    </unwind>
    <locals>
      ListItem ( newLocal ( ty ( 0 ) , mutabilityNot ) )
      ListItem ( typedValue ( Aggregate ( variantIdx ( 0 ) , .List ) , ty ( 68 ) , mutabilityNot ) )
      ListItem ( typedValue ( Range ( ListItem ( Integer ( 32 , 8 , false ) )
      ListItem ( Integer ( 130 , 8 , false ) )
      ListItem ( Integer ( 60 , 8 , false ) )
      ListItem ( Integer ( 253 , 8 , false ) )
      ListItem ( Integer ( 230 , 8 , false ) )
      ListItem ( Integer ( 241 , 8 , false ) )
      ListItem ( Integer ( 194 , 8 , false ) )
      ListItem ( Integer ( 107 , 8 , false ) ) ) , ty ( 25 ) , mutabilityNot ) )
      ListItem ( typedValue ( Reference ( 0 , place (... local: local ( 4 ) , projection: .ProjectionElems ) , mutabilityNot , metadata ( dynamicSize ( 6 ) , 0 , dynamicSize ( 6 ) ) ) , ty ( 32 ) , mutabilityNot ) )
      ListItem ( typedValue ( Range ( ListItem ( Integer ( -52155262 , 32 , true ) )
      ListItem ( Integer ( -473267571 , 32 , true ) )
      ListItem ( Integer ( 1147433305 , 32 , true ) )
      ListItem ( Integer ( 841095768 , 32 , true ) )
      ListItem ( Integer ( 1296334389 , 32 , true ) )
      ListItem ( Integer ( -784133741 , 32 , true ) ) ) , ty ( 26 ) , mutabilityNot ) )
    </locals>
  </currentFrame>
  <stack>
    .List
  </stack>
</kmir>