<kmir>
  <k>
    #execTerminator ( terminator (... kind: terminatorKindCall (... func: operandConstant ( constOperand (... span: span ( 0 ) , userTy: noUserTypeAnnotationIndex , const: mirConst (... kind: constantKindZeroSized , ty: ty ( -2 ) , id: mirConstId ( 0 ) ) ) ) , args: operandCopy ( place (... local: local ( 1 ) , projection: .ProjectionElems ) )  operandCopy ( place (... local: local ( 2 ) , projection: .ProjectionElems ) )  operandCopy ( place (... local: local ( 3 ) , projection: .ProjectionElems ) )  .Operands , destination: place (... local: local ( 0 ) , projection: .ProjectionElems ) , target: noBasicBlockIdx , unwind: unwindActionContinue ) , span: span ( 0 ) ) ) ~> .K
  </k>
  <retVal>
    noReturn
  </retVal>
  <currentFunc>
    ty ( -1 )
  </currentFunc>
  <currentFrame>
    <currentBody>
      .List
    </currentBody>
    <caller>
      ty ( -1 )
    </caller>
    <dest>
      place (... local: local ( -1 ) , projection: .ProjectionElems )
    </dest>
    <target>
      noBasicBlockIdx
    </target>
    <unwind>
      unwindActionUnreachable
    </unwind>
    <locals>
      ListItem ( newLocal ( ty ( 0 ) , mutabilityNot ) )
      ListItem ( typedValue ( Aggregate ( variantIdx ( 0 ) , .List ) , ty ( 68 ) , mutabilityNot ) )
      ListItem ( typedValue ( Range ( ListItem ( Integer ( 155 , 8 , false ) )
      ListItem ( Integer ( 52 , 8 , false ) )
      ListItem ( Integer ( 202 , 8 , false ) )
      ListItem ( Integer ( 245 , 8 , false ) )
      ListItem ( Integer ( 79 , 8 , false ) )
      ListItem ( Integer ( 46 , 8 , false ) )
      ListItem ( Integer ( 34 , 8 , false ) )
      ListItem ( Integer ( 10 , 8 , false ) ) ) , ty ( 25 ) , mutabilityNot ) )
      ListItem ( typedValue ( Reference ( 0 , place (... local: local ( 4 ) , projection: .ProjectionElems ) , mutabilityNot , metadata ( dynamicSize ( 25 ) , 0 , dynamicSize ( 25 ) ) ) , ty ( 32 ) , mutabilityNot ) )
      ListItem ( typedValue ( Range ( ListItem ( Integer ( -1894737466 , 32 , true ) )
      ListItem ( Integer ( -600243533 , 32 , true ) )
      ListItem ( Integer ( 1201498003 , 32 , true ) )
      ListItem ( Integer ( 1403903179 , 32 , true ) )
      ListItem ( Integer ( -1023406624 , 32 , true ) )
      ListItem ( Integer ( -980335906 , 32 , true ) )
      ListItem ( Integer ( -1439594619 , 32 , true ) )
      ListItem ( Integer ( -548067469 , 32 , true ) )
      ListItem ( Integer ( -1078579924 , 32 , true ) )
      ListItem ( Integer ( -1085242807 , 32 , true ) )
      ListItem ( Integer ( -944903130 , 32 , true ) )
      ListItem ( Integer ( 1462276086 , 32 , true ) )
      ListItem ( Integer ( -1309427421 , 32 , true ) )
      ListItem ( Integer ( -909658725 , 32 , true ) )
      ListItem ( Integer ( -208853958 , 32 , true ) )
      ListItem ( Integer ( -1145789072 , 32 , true ) )
      ListItem ( Integer ( 1277283976 , 32 , true ) )
      ListItem ( Integer ( -1799267183 , 32 , true ) )
      ListItem ( Integer ( 2136625905 , 32 , true ) )
      ListItem ( Integer ( 635646923 , 32 , true ) )
      ListItem ( Integer ( 862767530 , 32 , true ) )
      ListItem ( Integer ( 746374308 , 32 , true ) )
      ListItem ( Integer ( -1862132578 , 32 , true ) )
      ListItem ( Integer ( 1776105656 , 32 , true ) )
      ListItem ( Integer ( -252750415 , 32 , true ) ) ) , ty ( 26 ) , mutabilityNot ) )
    </locals>
  </currentFrame>
  <stack>
    .List
  </stack>
</kmir>