
┌─ 1 (root, init)
│   #execTerminator ( terminator ( ... kind: terminatorKindCall ( ... func: operandC
│   span: 0
│
│  (44 steps)
└─ 3 (stuck, leaf)
    #selectBlock ( switchTargets ( ... branches: branch ( 0 , basicBlockIdx ( 2 ) )
    function: main


┌─ 2 (root, leaf, target, terminal)
│   #EndProgram ~> .K


