
┌─ 1 (root, init)
│   #execTerminator ( terminator ( ... kind: terminatorKindCall ( ... func: operandC
│   span: 0
│
│  (277 steps)
└─ 3 (stuck, leaf)
    #traverseProjection ( toLocal ( 19 ) , AllocRef ( allocId ( 0 ) , noMetadata ) ,
    function: main
    span: 106


┌─ 2 (root, leaf, target, terminal)
│   #EndProgram ~> .K


