
┌─ 1 (root, init)
│   #execTerminator ( terminator ( ... kind: terminatorKindCall ( ... func: operandC
│   span: src/rust/library/std/src/rt.rs:194
│
│  (162 steps)
├─ 3 (terminal)
│   #EndProgram ~> .K
│   function: main
│
┊  constraint: true
┊  subst: ...
└─ 2 (leaf, target, terminal)
    #EndProgram ~> .K




STATISTICS
-----------
Total nodes: 2

Node roles (exclusive):
  target  : 1  ids: 2
  terminal: 1  ids: 3
  (root nodes omitted from totals: 1)

Leaf paths from init:
  total leaves (non-root): 1
  reachable leaves       : 1
  total steps            : 162

  leaf 2: steps 162, path 1 -> 3 -> 2

LEAF <k> CELLS
---------------
Node 2:
  #EndProgram ~> .K