name: arith,unary
types: 40
functions: 19
items: 20
spans: 130