
┌─ 1 (root, init)
│   #execTerminator ( terminator ( ... kind: terminatorKindCall ( ... func: operandC
│   span: 0
│
│  (105 steps)
├─ 3
│   #expect ( thunk ( #applyBinOp ( binOpEq , thunk ( #applyBinOp ( binOpBitAnd , th
│   function: main
┃
┃ (1 step)
┣━━┓
┃  │
┃  ├─ 4
┃  │   AssertError ( assertMessageMisalignedPointerDereference ( ... required: operandC
┃  │   function: main
┃  │
┃  │  (1 step)
┃  └─ 6 (stuck, leaf)
┃      #ProgramError ( AssertError ( assertMessageMisalignedPointerDereference ( ... re
┃      function: main
┃
┗━━┓
   │
   ├─ 5
   │   #execBlockIdx ( basicBlockIdx ( 1 ) ) ~> .K
   │   function: main
   │
   │  (16 steps)
   ├─ 7 (terminal)
   │   #EndProgram ~> .K
   │   function: main
   │
   ┊  constraint: true
   ┊  subst: ...
   └─ 2 (leaf, target, terminal)
       #EndProgram ~> .K



