
┌─ 1 (root, init)
│   #execTerminator ( terminator ( ... kind: terminatorKindCall ( ... func: operandC
│   span: src/rust/library/std/src/rt.rs:194
│
│  (13 steps)
├─ 3 (split)
│   #selectBlock ( switchTargets ( ... branches: branch ( 1 , basicBlockIdx ( 3 ) )
│   function: foo
┃
┃ (branch)
┣━━┓ subst: .Subst
┃  ┃ constraint:
┃  ┃     ARG_UINT1:Int ==Int 1
┃  │
┃  ├─ 4
┃  │   #selectBlock ( switchTargets ( ... branches: branch ( 1 , basicBlockIdx ( 3 ) )
┃  │   function: foo
┃  │
┃  │  (33 steps)
┃  ├─ 6 (terminal)
┃  │   #EndProgram ~> .K
┃  │   function: foo
┃  │
┃  ┊  constraint: true
┃  ┊  subst: ...
┃  └─ 2 (leaf, target, terminal)
┃      #EndProgram ~> .K
┃
┗━━┓ subst: .Subst
   ┃ constraint:
   ┃     notBool 1 ==Int ARG_UINT1:Int
   │
   ├─ 5
   │   #selectBlock ( switchTargets ( ... branches: branch ( 1 , basicBlockIdx ( 3 ) )
   │   function: foo
   │
   │  (1 step)
   ├─ 7 (split)
   │   #selectBlock ( switchTargets ( ... branches: branch ( 2 , basicBlockIdx ( 2 ) )
   │   function: foo
   ┃
   ┃ (branch)
   ┣━━┓ subst: .Subst
   ┃  ┃ constraint:
   ┃  ┃     ARG_UINT1:Int ==Int 2
   ┃  │
   ┃  ├─ 8
   ┃  │   #selectBlock ( switchTargets ( ... branches: branch ( 2 , basicBlockIdx ( 2 ) )
   ┃  │   function: foo
   ┃  │
   ┃  │  (33 steps)
   ┃  ├─ 10 (terminal)
   ┃  │   #EndProgram ~> .K
   ┃  │   function: foo
   ┃  │
   ┃  ┊  constraint: true
   ┃  ┊  subst: ...
   ┃  └─ 2 (leaf, target, terminal)
   ┃      #EndProgram ~> .K
   ┃
   ┗━━┓ subst: .Subst
      ┃ constraint:
      ┃     notBool 2 ==Int ARG_UINT1:Int
      │
      ├─ 9
      │   #selectBlock ( switchTargets ( ... branches: branch ( 2 , basicBlockIdx ( 2 ) )
      │   function: foo
      │
      │  (19 steps)
      ├─ 11 (terminal)
      │   #EndProgram ~> .K
      │   function: foo
      │
      ┊  constraint: true
      ┊  subst: ...
      └─ 2 (leaf, target, terminal)
          #EndProgram ~> .K




STATISTICS
-----------
Total nodes: 10

Node roles (exclusive):
  target  : 1  ids: 2
  terminal: 3  ids: 6, 10, 11
  split   : 2  ids: 3, 7
  normal  : 4  ids: 4, 5, 8, 9
  (root nodes omitted from totals: 1)

Leaf paths from init:
  total leaves (non-root): 1
  reachable leaves       : 1
  total steps            : 33

  leaf 2 (path 1/3): steps 33, path 1 -> 3 -> 5 -> 7 -> 9 -> 11 -> 2
  leaf 2 (path 2/3): steps 46, path 1 -> 3 -> 4 -> 6 -> 2
  leaf 2 (path 3/3): steps 47, path 1 -> 3 -> 5 -> 7 -> 8 -> 10 -> 2

LEAF <k> CELLS
---------------
Node 2:
  #EndProgram ~> .K