
┌─ 1 (root, init)
│   #execTerminator ( terminator ( ... kind: terminatorKindCall ( ... func: operandC
│
│  (223 steps)
├─ 3 (terminal)
│   #EndProgram ~> .K
│   function: main
│
┊  constraint: true
┊  subst: ...
└─ 2 (leaf, target, terminal)
    #EndProgram ~> .K



