<generatedTop>[0m
  <k>[0m
    #halt[0m ~> .
  </k>[0m
  <returncode>[0m
    0
  </returncode>[0m
  <mir>[0m
    <simulator>[0m
      <callStack>[0m
        .List[0m
      </callStack>[0m
      <currentBasicBlock>[0m
        1
      </currentBasicBlock>[0m
      <phase>[0m
        Finalization[0m
      </phase>[0m
    </simulator>[0m
    <data>[0m
      <functions>[0m
        <function>[0m
          <fnKey>[0m
            Fn[0m ([0m main ::[0m .FunctionPath[0m )[0m
          </fnKey>[0m
          <localDecls>[0m
            <localDecl>[0m
              <index>[0m
                _0
              </index>[0m
              <mutability>[0m
                Not[0m
              </mutability>[0m
              <internal>[0m
                false
              </internal>[0m
              <ty>[0m
                ([0m )[0m
              </ty>[0m
              <value>[0m
                Unit[0m
              </value>[0m
            </localDecl>[0m <localDecl>[0m
              <index>[0m
                _1
              </index>[0m
              <mutability>[0m
                Not[0m
              </mutability>[0m
              <internal>[0m
                false
              </internal>[0m
              <ty>[0m
                ([0m )[0m
              </ty>[0m
              <value>[0m
                Unit[0m
              </value>[0m
            </localDecl>[0m
          </localDecls>[0m
          <basicBlocks>[0m
            <basicBlock>[0m
              <bbName>[0m
                0
              </bbName>[0m
              <bbBody>[0m
                {[0m .Statements[0m _1 =[0m test_sum_to_n ::[0m .ExpressionPathList[0m ([0m .OperandList[0m )[0m ->[0m bb1 [0m ;[0m }[0m
              </bbBody>[0m
            </basicBlock>[0m <basicBlock>[0m
              <bbName>[0m
                1
              </bbName>[0m
              <bbBody>[0m
                {[0m .Statements[0m return[0m ;[0m }[0m
              </bbBody>[0m
            </basicBlock>[0m
          </basicBlocks>[0m
        </function>[0m <function>[0m
          <fnKey>[0m
            Fn[0m ([0m sum_to_n ::[0m .FunctionPath[0m )[0m
          </fnKey>[0m
          <localDecls>[0m
            <localDecl>[0m
              <index>[0m
                _0
              </index>[0m
              <mutability>[0m
                Not[0m
              </mutability>[0m
              <internal>[0m
                false
              </internal>[0m
              <ty>[0m
                usize[0m [0m
              </ty>[0m
              <value>[0m
                55
              </value>[0m
            </localDecl>[0m <localDecl>[0m
              <index>[0m
                _1
              </index>[0m
              <mutability>[0m
                Not[0m
              </mutability>[0m
              <internal>[0m
                false
              </internal>[0m
              <ty>[0m
                usize[0m [0m
              </ty>[0m
              <value>[0m
                10
              </value>[0m
            </localDecl>[0m <localDecl>[0m
              <index>[0m
                _2
              </index>[0m
              <mutability>[0m
                Not[0m
              </mutability>[0m
              <internal>[0m
                false
              </internal>[0m
              <ty>[0m
                usize[0m [0m
              </ty>[0m
              <value>[0m
                55
              </value>[0m
            </localDecl>[0m <localDecl>[0m
              <index>[0m
                _3
              </index>[0m
              <mutability>[0m
                Not[0m
              </mutability>[0m
              <internal>[0m
                false
              </internal>[0m
              <ty>[0m
                usize[0m [0m
              </ty>[0m
              <value>[0m
                0
              </value>[0m
            </localDecl>[0m <localDecl>[0m
              <index>[0m
                _4
              </index>[0m
              <mutability>[0m
                Not[0m
              </mutability>[0m
              <internal>[0m
                false
              </internal>[0m
              <ty>[0m
                bool[0m [0m
              </ty>[0m
              <value>[0m
                false
              </value>[0m
            </localDecl>[0m <localDecl>[0m
              <index>[0m
                _5
              </index>[0m
              <mutability>[0m
                Not[0m
              </mutability>[0m
              <internal>[0m
                false
              </internal>[0m
              <ty>[0m
                usize[0m [0m
              </ty>[0m
              <value>[0m
                0
              </value>[0m
            </localDecl>[0m <localDecl>[0m
              <index>[0m
                _6
              </index>[0m
              <mutability>[0m
                Not[0m
              </mutability>[0m
              <internal>[0m
                false
              </internal>[0m
              <ty>[0m
                usize[0m [0m
              </ty>[0m
              <value>[0m
                1
              </value>[0m
            </localDecl>[0m <localDecl>[0m
              <index>[0m
                _7
              </index>[0m
              <mutability>[0m
                Not[0m
              </mutability>[0m
              <internal>[0m
                false
              </internal>[0m
              <ty>[0m
                usize[0m [0m
              </ty>[0m
              <value>[0m
                1
              </value>[0m
            </localDecl>[0m
          </localDecls>[0m
          <basicBlocks>[0m
            <basicBlock>[0m
              <bbName>[0m
                0
              </bbName>[0m
              <bbBody>[0m
                {[0m _2 =[0m const[0m 0_usize ;[0m [0m _3 =[0m _1 ;[0m [0m .Statements[0m goto[0m ->[0m bb1 [0m ;[0m }[0m
              </bbBody>[0m
            </basicBlock>[0m <basicBlock>[0m
              <bbName>[0m
                1
              </bbName>[0m
              <bbBody>[0m
                {[0m _5 =[0m _3 ;[0m [0m _4 =[0m Gt ([0m move[0m _5 ,[0m const[0m 0_usize )[0m ;[0m [0m .Statements[0m switchInt[0m ([0m move[0m _4 )[0m ->[0m [[0m 0 :[0m bb3 [0m ,[0m .SwitchTargets[0m ,[0m otherwise[0m :[0m bb2 [0m ][0m ;[0m }[0m
              </bbBody>[0m
            </basicBlock>[0m <basicBlock>[0m
              <bbName>[0m
                2
              </bbName>[0m
              <bbBody>[0m
                {[0m _6 =[0m _3 ;[0m [0m _2 =[0m Add ([0m _2 ,[0m move[0m _6 )[0m ;[0m [0m _7 =[0m _3 ;[0m [0m _3 =[0m Sub ([0m move[0m _7 ,[0m const[0m 1_usize )[0m ;[0m [0m .Statements[0m goto[0m ->[0m bb1 [0m ;[0m }[0m
              </bbBody>[0m
            </basicBlock>[0m <basicBlock>[0m
              <bbName>[0m
                3
              </bbName>[0m
              <bbBody>[0m
                {[0m _0 =[0m _2 ;[0m [0m .Statements[0m return[0m ;[0m }[0m
              </bbBody>[0m
            </basicBlock>[0m
          </basicBlocks>[0m
        </function>[0m <function>[0m
          <fnKey>[0m
            Fn[0m ([0m test_sum_to_n ::[0m .FunctionPath[0m )[0m
          </fnKey>[0m
          <localDecls>[0m
            <localDecl>[0m
              <index>[0m
                _0
              </index>[0m
              <mutability>[0m
                Not[0m
              </mutability>[0m
              <internal>[0m
                false
              </internal>[0m
              <ty>[0m
                ([0m )[0m
              </ty>[0m
              <value>[0m
                Unit[0m
              </value>[0m
            </localDecl>[0m <localDecl>[0m
              <index>[0m
                _1
              </index>[0m
              <mutability>[0m
                Not[0m
              </mutability>[0m
              <internal>[0m
                false
              </internal>[0m
              <ty>[0m
                usize[0m [0m
              </ty>[0m
              <value>[0m
                10
              </value>[0m
            </localDecl>[0m <localDecl>[0m
              <index>[0m
                _2
              </index>[0m
              <mutability>[0m
                Not[0m
              </mutability>[0m
              <internal>[0m
                false
              </internal>[0m
              <ty>[0m
                usize[0m [0m
              </ty>[0m
              <value>[0m
                55
              </value>[0m
            </localDecl>[0m <localDecl>[0m
              <index>[0m
                _3
              </index>[0m
              <mutability>[0m
                Not[0m
              </mutability>[0m
              <internal>[0m
                false
              </internal>[0m
              <ty>[0m
                bool[0m [0m
              </ty>[0m
              <value>[0m
                true
              </value>[0m
            </localDecl>[0m <localDecl>[0m
              <index>[0m
                _4
              </index>[0m
              <mutability>[0m
                Not[0m
              </mutability>[0m
              <internal>[0m
                false
              </internal>[0m
              <ty>[0m
                usize[0m [0m
              </ty>[0m
              <value>[0m
                55
              </value>[0m
            </localDecl>[0m <localDecl>[0m
              <index>[0m
                _5
              </index>[0m
              <mutability>[0m
                Not[0m
              </mutability>[0m
              <internal>[0m
                false
              </internal>[0m
              <ty>[0m
                bool[0m [0m
              </ty>[0m
              <value>[0m
                false
              </value>[0m
            </localDecl>[0m <localDecl>[0m
              <index>[0m
                _6
              </index>[0m
              <mutability>[0m
                Not[0m
              </mutability>[0m
              <internal>[0m
                false
              </internal>[0m
              <ty>[0m
                ![0m
              </ty>[0m
              <value>[0m
                Never[0m
              </value>[0m
            </localDecl>[0m
          </localDecls>[0m
          <basicBlocks>[0m
            <basicBlock>[0m
              <bbName>[0m
                0
              </bbName>[0m
              <bbBody>[0m
                {[0m _1 =[0m const[0m 10_usize ;[0m [0m _2 =[0m const[0m 55_usize ;[0m [0m .Statements[0m _4 =[0m sum_to_n ::[0m .ExpressionPathList[0m ([0m _1 ,[0m .OperandList[0m )[0m ->[0m bb1 [0m ;[0m }[0m
              </bbBody>[0m
            </basicBlock>[0m <basicBlock>[0m
              <bbName>[0m
                1
              </bbName>[0m
              <bbBody>[0m
                {[0m _3 =[0m Eq ([0m move[0m _4 ,[0m _2 )[0m ;[0m [0m _5 =[0m Not ([0m _3 )[0m ;[0m [0m .Statements[0m switchInt[0m ([0m move[0m _5 )[0m ->[0m [[0m 0 :[0m bb3 [0m ,[0m .SwitchTargets[0m ,[0m otherwise[0m :[0m bb2 [0m ][0m ;[0m }[0m
              </bbBody>[0m
            </basicBlock>[0m <basicBlock>[0m
              <bbName>[0m
                2
              </bbName>[0m
              <bbBody>[0m
                {[0m .Statements[0m _6 =[0m core ::[0m panicking ::[0m panic ::[0m .ExpressionPathList[0m ([0m const[0m "assertion failed: sucess" ,[0m .OperandList[0m )[0m ;[0m }[0m
              </bbBody>[0m
            </basicBlock>[0m <basicBlock>[0m
              <bbName>[0m
                3
              </bbName>[0m
              <bbBody>[0m
                {[0m .Statements[0m return[0m ;[0m }[0m
              </bbBody>[0m
            </basicBlock>[0m
          </basicBlocks>[0m
        </function>[0m
      </functions>[0m
    </data>[0m
  </mir>[0m
</generatedTop>[0m
