<kmir>
  <k>
    #EndProgram ~> .K
  </k>
  <retVal>
    noReturn
  </retVal>
  <currentFunc>
    ty ( -4 )
  </currentFunc>
  <currentFrame>
    <currentBody>
      ListItem ( basicBlock (... statements: .Statements , terminator: terminator (... kind: terminatorKindCall (... func: operandConstant ( constOperand (... span: span ( 31 ) , userTy: someUserTypeAnnotationIndex ( userTypeAnnotationIndex ( 0 ) ) , const: mirConst (... kind: constantKindZeroSized , ty: ty ( 15 ) , id: mirConstId ( 3 ) ) ) ) , args: operandCopy ( place (... local: local ( 2 ) , projection: .ProjectionElems ) )  .Operands , destination: place (... local: local ( 4 ) , projection: .ProjectionElems ) , target: someBasicBlockIdx ( basicBlockIdx ( 1 ) ) , unwind: unwindActionContinue ) , span: span ( 32 ) ) ) )
      ListItem ( basicBlock (... statements: statement (... kind: statementKindAssign (... place: place (... local: local ( 5 ) , projection: .ProjectionElems ) , rvalue: rvalueBinaryOp ( binOpGe , operandCopy ( place (... local: local ( 4 ) , projection: .ProjectionElems ) ) , operandConstant ( constOperand (... span: span ( 34 ) , userTy: noUserTypeAnnotationIndex , const: mirConst (... kind: constantKindAllocated ( allocation (... bytes: b"\x00\x00\x00\x00" , provenance: provenanceMap (... ptrs: .ProvenanceMapEntries ) , align: align ( 4 ) , mutability: mutabilityMut ) ) , ty: ty ( 8 ) , id: mirConstId ( 4 ) ) ) ) ) ) , span: span ( 33 ) )  .Statements , terminator: terminator (... kind: terminatorKindSwitchInt (... discr: operandMove ( place (... local: local ( 5 ) , projection: .ProjectionElems ) ) , targets: switchTargets (... branches: branch ( 0 , basicBlockIdx ( 3 ) )  .Branches , otherwise: basicBlockIdx ( 2 ) ) ) , span: span ( 33 ) ) ) )
      ListItem ( basicBlock (... statements: statement (... kind: statementKindAssign (... place: place (... local: local ( 7 ) , projection: .ProjectionElems ) , rvalue: rvalueBinaryOp ( binOpGe , operandCopy ( place (... local: local ( 3 ) , projection: .ProjectionElems ) ) , operandCopy ( place (... local: local ( 4 ) , projection: .ProjectionElems ) ) ) ) , span: span ( 35 ) )  .Statements , terminator: terminator (... kind: terminatorKindSwitchInt (... discr: operandMove ( place (... local: local ( 7 ) , projection: .ProjectionElems ) ) , targets: switchTargets (... branches: branch ( 0 , basicBlockIdx ( 5 ) )  .Branches , otherwise: basicBlockIdx ( 4 ) ) ) , span: span ( 35 ) ) ) )
      ListItem ( basicBlock (... statements: .Statements , terminator: terminator (... kind: terminatorKindCall (... func: operandConstant ( constOperand (... span: span ( 36 ) , userTy: noUserTypeAnnotationIndex , const: mirConst (... kind: constantKindZeroSized , ty: ty ( 16 ) , id: mirConstId ( 5 ) ) ) ) , args: operandConstant ( constOperand (... span: span ( 37 ) , userTy: noUserTypeAnnotationIndex , const: mirConst (... kind: constantKindAllocated ( allocation (... bytes: b"\x00\x00\x00\x00\x00\x00\x00\x00\x19\x00\x00\x00\x00\x00\x00\x00" , provenance: provenanceMap (... ptrs: provenanceMapEntry (... offset: 0 , allocId: allocId ( 0 ) )  .ProvenanceMapEntries ) , align: align ( 8 ) , mutability: mutabilityMut ) ) , ty: ty ( 17 ) , id: mirConstId ( 6 ) ) ) )  .Operands , destination: place (... local: local ( 6 ) , projection: .ProjectionElems ) , target: noBasicBlockIdx , unwind: unwindActionContinue ) , span: span ( 36 ) ) ) )
      ListItem ( basicBlock (... statements: statement (... kind: statementKindAssign (... place: place (... local: local ( 10 ) , projection: .ProjectionElems ) , rvalue: rvalueCheckedBinaryOp ( binOpSub , operandCopy ( place (... local: local ( 3 ) , projection: .ProjectionElems ) ) , operandCopy ( place (... local: local ( 4 ) , projection: .ProjectionElems ) ) ) ) , span: span ( 38 ) )  .Statements , terminator: terminator (... kind: assert (... cond: operandMove ( place (... local: local ( 10 ) , projection: projectionElemField ( fieldIdx ( 1 ) , ty ( 18 ) )  .ProjectionElems ) ) , expected: false , msg: assertMessageOverflow ( binOpSub , operandCopy ( place (... local: local ( 3 ) , projection: .ProjectionElems ) ) , operandCopy ( place (... local: local ( 4 ) , projection: .ProjectionElems ) ) ) , target: basicBlockIdx ( 6 ) , unwind: unwindActionContinue ) , span: span ( 38 ) ) ) )
      ListItem ( basicBlock (... statements: statement (... kind: statementKindAssign (... place: place (... local: local ( 12 ) , projection: .ProjectionElems ) , rvalue: rvalueBinaryOp ( binOpGe , operandCopy ( place (... local: local ( 3 ) , projection: .ProjectionElems ) ) , operandConstant ( constOperand (... span: span ( 40 ) , userTy: noUserTypeAnnotationIndex , const: mirConst (... kind: constantKindAllocated ( allocation (... bytes: b"\x00\x00\x00\x00" , provenance: provenanceMap (... ptrs: .ProvenanceMapEntries ) , align: align ( 4 ) , mutability: mutabilityMut ) ) , ty: ty ( 8 ) , id: mirConstId ( 4 ) ) ) ) ) ) , span: span ( 39 ) )  .Statements , terminator: terminator (... kind: terminatorKindSwitchInt (... discr: operandMove ( place (... local: local ( 12 ) , projection: .ProjectionElems ) ) , targets: switchTargets (... branches: branch ( 0 , basicBlockIdx ( 9 ) )  .Branches , otherwise: basicBlockIdx ( 8 ) ) ) , span: span ( 39 ) ) ) )
      ListItem ( basicBlock (... statements: statement (... kind: statementKindAssign (... place: place (... local: local ( 9 ) , projection: .ProjectionElems ) , rvalue: rvalueUse ( operandMove ( place (... local: local ( 10 ) , projection: projectionElemField ( fieldIdx ( 0 ) , ty ( 8 ) )  .ProjectionElems ) ) ) ) , span: span ( 38 ) )  statement (... kind: statementKindAssign (... place: place (... local: local ( 8 ) , projection: .ProjectionElems ) , rvalue: rvalueBinaryOp ( binOpGe , operandMove ( place (... local: local ( 9 ) , projection: .ProjectionElems ) ) , operandConstant ( constOperand (... span: span ( 42 ) , userTy: noUserTypeAnnotationIndex , const: mirConst (... kind: constantKindAllocated ( allocation (... bytes: b"\x00\x00\x00\x00" , provenance: provenanceMap (... ptrs: .ProvenanceMapEntries ) , align: align ( 4 ) , mutability: mutabilityMut ) ) , ty: ty ( 8 ) , id: mirConstId ( 4 ) ) ) ) ) ) , span: span ( 41 ) )  .Statements , terminator: terminator (... kind: terminatorKindSwitchInt (... discr: operandMove ( place (... local: local ( 8 ) , projection: .ProjectionElems ) ) , targets: switchTargets (... branches: branch ( 0 , basicBlockIdx ( 7 ) )  .Branches , otherwise: basicBlockIdx ( 16 ) ) ) , span: span ( 41 ) ) ) )
      ListItem ( basicBlock (... statements: .Statements , terminator: terminator (... kind: terminatorKindCall (... func: operandConstant ( constOperand (... span: span ( 43 ) , userTy: noUserTypeAnnotationIndex , const: mirConst (... kind: constantKindZeroSized , ty: ty ( 16 ) , id: mirConstId ( 5 ) ) ) ) , args: operandConstant ( constOperand (... span: span ( 37 ) , userTy: noUserTypeAnnotationIndex , const: mirConst (... kind: constantKindAllocated ( allocation (... bytes: b"\x00\x00\x00\x00\x00\x00\x00\x00\x1d\x00\x00\x00\x00\x00\x00\x00" , provenance: provenanceMap (... ptrs: provenanceMapEntry (... offset: 0 , allocId: allocId ( 1 ) )  .ProvenanceMapEntries ) , align: align ( 8 ) , mutability: mutabilityMut ) ) , ty: ty ( 17 ) , id: mirConstId ( 7 ) ) ) )  .Operands , destination: place (... local: local ( 11 ) , projection: .ProjectionElems ) , target: noBasicBlockIdx , unwind: unwindActionContinue ) , span: span ( 43 ) ) ) )
      ListItem ( basicBlock (... statements: statement (... kind: statementKindAssign (... place: place (... local: local ( 15 ) , projection: .ProjectionElems ) , rvalue: rvalueCheckedBinaryOp ( binOpSub , operandCopy ( place (... local: local ( 4 ) , projection: .ProjectionElems ) ) , operandCopy ( place (... local: local ( 3 ) , projection: .ProjectionElems ) ) ) ) , span: span ( 44 ) )  .Statements , terminator: terminator (... kind: assert (... cond: operandMove ( place (... local: local ( 15 ) , projection: projectionElemField ( fieldIdx ( 1 ) , ty ( 18 ) )  .ProjectionElems ) ) , expected: false , msg: assertMessageOverflow ( binOpSub , operandCopy ( place (... local: local ( 4 ) , projection: .ProjectionElems ) ) , operandCopy ( place (... local: local ( 3 ) , projection: .ProjectionElems ) ) ) , target: basicBlockIdx ( 10 ) , unwind: unwindActionContinue ) , span: span ( 44 ) ) ) )
      ListItem ( basicBlock (... statements: .Statements , terminator: terminator (... kind: terminatorKindSwitchInt (... discr: operandCopy ( place (... local: local ( 1 ) , projection: .ProjectionElems ) ) , targets: switchTargets (... branches: branch ( 0 , basicBlockIdx ( 13 ) )  .Branches , otherwise: basicBlockIdx ( 12 ) ) ) , span: span ( 45 ) ) ) )
      ListItem ( basicBlock (... statements: statement (... kind: statementKindAssign (... place: place (... local: local ( 14 ) , projection: .ProjectionElems ) , rvalue: rvalueUse ( operandMove ( place (... local: local ( 15 ) , projection: projectionElemField ( fieldIdx ( 0 ) , ty ( 8 ) )  .ProjectionElems ) ) ) ) , span: span ( 44 ) )  statement (... kind: statementKindAssign (... place: place (... local: local ( 13 ) , projection: .ProjectionElems ) , rvalue: rvalueBinaryOp ( binOpGe , operandMove ( place (... local: local ( 14 ) , projection: .ProjectionElems ) ) , operandConstant ( constOperand (... span: span ( 47 ) , userTy: noUserTypeAnnotationIndex , const: mirConst (... kind: constantKindAllocated ( allocation (... bytes: b"\x00\x00\x00\x00" , provenance: provenanceMap (... ptrs: .ProvenanceMapEntries ) , align: align ( 4 ) , mutability: mutabilityMut ) ) , ty: ty ( 8 ) , id: mirConstId ( 4 ) ) ) ) ) ) , span: span ( 46 ) )  .Statements , terminator: terminator (... kind: terminatorKindSwitchInt (... discr: operandMove ( place (... local: local ( 13 ) , projection: .ProjectionElems ) ) , targets: switchTargets (... branches: branch ( 0 , basicBlockIdx ( 11 ) )  .Branches , otherwise: basicBlockIdx ( 16 ) ) ) , span: span ( 46 ) ) ) )
      ListItem ( basicBlock (... statements: .Statements , terminator: terminator (... kind: terminatorKindCall (... func: operandConstant ( constOperand (... span: span ( 48 ) , userTy: noUserTypeAnnotationIndex , const: mirConst (... kind: constantKindZeroSized , ty: ty ( 16 ) , id: mirConstId ( 5 ) ) ) ) , args: operandConstant ( constOperand (... span: span ( 37 ) , userTy: noUserTypeAnnotationIndex , const: mirConst (... kind: constantKindAllocated ( allocation (... bytes: b"\x00\x00\x00\x00\x00\x00\x00\x00\x1d\x00\x00\x00\x00\x00\x00\x00" , provenance: provenanceMap (... ptrs: provenanceMapEntry (... offset: 0 , allocId: allocId ( 2 ) )  .ProvenanceMapEntries ) , align: align ( 8 ) , mutability: mutabilityMut ) ) , ty: ty ( 17 ) , id: mirConstId ( 8 ) ) ) )  .Operands , destination: place (... local: local ( 16 ) , projection: .ProjectionElems ) , target: noBasicBlockIdx , unwind: unwindActionContinue ) , span: span ( 48 ) ) ) )
      ListItem ( basicBlock (... statements: statement (... kind: statementKindAssign (... place: place (... local: local ( 17 ) , projection: .ProjectionElems ) , rvalue: rvalueBinaryOp ( binOpLt , operandCopy ( place (... local: local ( 3 ) , projection: .ProjectionElems ) ) , operandConstant ( constOperand (... span: span ( 50 ) , userTy: noUserTypeAnnotationIndex , const: mirConst (... kind: constantKindAllocated ( allocation (... bytes: b"\x00\x00\x00\x00" , provenance: provenanceMap (... ptrs: .ProvenanceMapEntries ) , align: align ( 4 ) , mutability: mutabilityMut ) ) , ty: ty ( 8 ) , id: mirConstId ( 4 ) ) ) ) ) ) , span: span ( 49 ) )  .Statements , terminator: terminator (... kind: terminatorKindSwitchInt (... discr: operandMove ( place (... local: local ( 17 ) , projection: .ProjectionElems ) ) , targets: switchTargets (... branches: branch ( 0 , basicBlockIdx ( 14 ) )  .Branches , otherwise: basicBlockIdx ( 16 ) ) ) , span: span ( 49 ) ) ) )
      ListItem ( basicBlock (... statements: statement (... kind: statementKindAssign (... place: place (... local: local ( 20 ) , projection: .ProjectionElems ) , rvalue: rvalueRef ( region (... kind: regionKindReErased ) , borrowKindShared , place (... local: local ( 1 ) , projection: .ProjectionElems ) ) ) , span: span ( 52 ) )  statement (... kind: statementKindAssign (... place: place (... local: local ( 22 ) , projection: .ProjectionElems ) , rvalue: rvalueBinaryOp ( binOpGe , operandCopy ( place (... local: local ( 3 ) , projection: .ProjectionElems ) ) , operandConstant ( constOperand (... span: span ( 53 ) , userTy: noUserTypeAnnotationIndex , const: mirConst (... kind: constantKindAllocated ( allocation (... bytes: b"\x00\x00\x00\x00" , provenance: provenanceMap (... ptrs: .ProvenanceMapEntries ) , align: align ( 4 ) , mutability: mutabilityMut ) ) , ty: ty ( 8 ) , id: mirConstId ( 4 ) ) ) ) ) ) , span: span ( 54 ) )  statement (... kind: statementKindAssign (... place: place (... local: local ( 21 ) , projection: .ProjectionElems ) , rvalue: rvalueRef ( region (... kind: regionKindReErased ) , borrowKindShared , place (... local: local ( 22 ) , projection: .ProjectionElems ) ) ) , span: span ( 55 ) )  statement (... kind: statementKindAssign (... place: place (... local: local ( 19 ) , projection: .ProjectionElems ) , rvalue: rvalueAggregate ( aggregateKindTuple , operandMove ( place (... local: local ( 20 ) , projection: .ProjectionElems ) )  operandMove ( place (... local: local ( 21 ) , projection: .ProjectionElems ) )  .Operands ) ) , span: span ( 56 ) )  statement (... kind: statementKindAssign (... place: place (... local: local ( 23 ) , projection: .ProjectionElems ) , rvalue: rvalueUse ( operandCopy ( place (... local: local ( 19 ) , projection: projectionElemField ( fieldIdx ( 0 ) , ty ( 2 ) )  .ProjectionElems ) ) ) ) , span: span ( 57 ) )  statement (... kind: statementKindAssign (... place: place (... local: local ( 24 ) , projection: .ProjectionElems ) , rvalue: rvalueUse ( operandCopy ( place (... local: local ( 19 ) , projection: projectionElemField ( fieldIdx ( 1 ) , ty ( 2 ) )  .ProjectionElems ) ) ) ) , span: span ( 58 ) )  statement (... kind: statementKindAssign (... place: place (... local: local ( 26 ) , projection: .ProjectionElems ) , rvalue: rvalueUse ( operandCopy ( place (... local: local ( 23 ) , projection: projectionElemDeref  .ProjectionElems ) ) ) ) , span: span ( 59 ) )  statement (... kind: statementKindAssign (... place: place (... local: local ( 27 ) , projection: .ProjectionElems ) , rvalue: rvalueUse ( operandCopy ( place (... local: local ( 24 ) , projection: projectionElemDeref  .ProjectionElems ) ) ) ) , span: span ( 60 ) )  statement (... kind: statementKindAssign (... place: place (... local: local ( 25 ) , projection: .ProjectionElems ) , rvalue: rvalueBinaryOp ( binOpEq , operandMove ( place (... local: local ( 26 ) , projection: .ProjectionElems ) ) , operandMove ( place (... local: local ( 27 ) , projection: .ProjectionElems ) ) ) ) , span: span ( 51 ) )  .Statements , terminator: terminator (... kind: terminatorKindSwitchInt (... discr: operandMove ( place (... local: local ( 25 ) , projection: .ProjectionElems ) ) , targets: switchTargets (... branches: branch ( 0 , basicBlockIdx ( 15 ) )  .Branches , otherwise: basicBlockIdx ( 16 ) ) ) , span: span ( 51 ) ) ) )
      ListItem ( basicBlock (... statements: .Statements , terminator: terminator (... kind: terminatorKindCall (... func: operandConstant ( constOperand (... span: span ( 61 ) , userTy: noUserTypeAnnotationIndex , const: mirConst (... kind: constantKindZeroSized , ty: ty ( 16 ) , id: mirConstId ( 5 ) ) ) ) , args: operandConstant ( constOperand (... span: span ( 37 ) , userTy: noUserTypeAnnotationIndex , const: mirConst (... kind: constantKindAllocated ( allocation (... bytes: b"\x00\x00\x00\x00\x00\x00\x00\x00\x17\x00\x00\x00\x00\x00\x00\x00" , provenance: provenanceMap (... ptrs: provenanceMapEntry (... offset: 0 , allocId: allocId ( 3 ) )  .ProvenanceMapEntries ) , align: align ( 8 ) , mutability: mutabilityMut ) ) , ty: ty ( 17 ) , id: mirConstId ( 9 ) ) ) )  .Operands , destination: place (... local: local ( 18 ) , projection: .ProjectionElems ) , target: noBasicBlockIdx , unwind: unwindActionContinue ) , span: span ( 61 ) ) ) )
      ListItem ( basicBlock (... statements: statement (... kind: statementKindAssign (... place: place (... local: local ( 28 ) , projection: .ProjectionElems ) , rvalue: rvalueAggregate ( aggregateKindAdt ( adtDef ( 6 ) , variantIdx ( 0 ) , .GenericArgs , noUserTypeAnnotationIndex , noFieldIdx ) , .Operands ) ) , span: span ( 64 ) )  statement (... kind: statementKindAssign (... place: place (... local: local ( 30 ) , projection: .ProjectionElems ) , rvalue: rvalueAggregate ( aggregateKindAdt ( adtDef ( 7 ) , variantIdx ( 0 ) , genericArgKindType ( ty ( 20 ) )  .GenericArgs , noUserTypeAnnotationIndex , noFieldIdx ) , .Operands ) ) , span: span ( 65 ) )  .Statements , terminator: terminator (... kind: terminatorKindCall (... func: operandConstant ( constOperand (... span: span ( 62 ) , userTy: noUserTypeAnnotationIndex , const: mirConst (... kind: constantKindZeroSized , ty: ty ( 19 ) , id: mirConstId ( 10 ) ) ) ) , args: operandMove ( place (... local: local ( 28 ) , projection: .ProjectionElems ) )  operandCopy ( place (... local: local ( 23 ) , projection: .ProjectionElems ) )  operandCopy ( place (... local: local ( 24 ) , projection: .ProjectionElems ) )  operandMove ( place (... local: local ( 30 ) , projection: .ProjectionElems ) )  .Operands , destination: place (... local: local ( 29 ) , projection: .ProjectionElems ) , target: noBasicBlockIdx , unwind: unwindActionContinue ) , span: span ( 63 ) ) ) )
      ListItem ( basicBlock (... statements: .Statements , terminator: terminator (... kind: terminatorKindReturn , span: span ( 66 ) ) ) )
    </currentBody>
    <caller>
      ty ( -1 )
    </caller>
    <dest>
      place (... local: local ( 0 ) , projection: .ProjectionElems )
    </dest>
    <target>
      noBasicBlockIdx
    </target>
    <unwind>
      unwindActionContinue
    </unwind>
    <locals>
      ListItem ( newLocal ( ty ( 6 ) , mutabilityMut ) )
      ListItem ( typedValue ( BoolVal ( false ) , ty ( 18 ) , mutabilityNot ) )
      ListItem ( typedValue ( Integer ( 32 , 8 , false ) , ty ( 9 ) , mutabilityNot ) )
      ListItem ( typedValue ( Integer ( -1051970500 , 32 , true ) , ty ( 8 ) , mutabilityNot ) )
      ListItem ( typedValue ( Integer ( 32 , 32 , true ) , ty ( 8 ) , mutabilityNot ) )
      ListItem ( typedValue ( Moved , ty ( 18 ) , mutabilityMut ) )
      ListItem ( newLocal ( ty ( 12 ) , mutabilityMut ) )
      ListItem ( typedValue ( Moved , ty ( 18 ) , mutabilityMut ) )
      ListItem ( newLocal ( ty ( 18 ) , mutabilityMut ) )
      ListItem ( newLocal ( ty ( 8 ) , mutabilityMut ) )
      ListItem ( newLocal ( ty ( 21 ) , mutabilityMut ) )
      ListItem ( newLocal ( ty ( 12 ) , mutabilityMut ) )
      ListItem ( typedValue ( Moved , ty ( 18 ) , mutabilityMut ) )
      ListItem ( newLocal ( ty ( 18 ) , mutabilityMut ) )
      ListItem ( newLocal ( ty ( 8 ) , mutabilityMut ) )
      ListItem ( newLocal ( ty ( 21 ) , mutabilityMut ) )
      ListItem ( newLocal ( ty ( 12 ) , mutabilityMut ) )
      ListItem ( newLocal ( ty ( 18 ) , mutabilityMut ) )
      ListItem ( newLocal ( ty ( 12 ) , mutabilityMut ) )
      ListItem ( typedValue ( Aggregate ( variantIdx ( 0 ) , ListItem ( Reference ( 0 , place (... local: local ( 1 ) , projection: .ProjectionElems ) , mutabilityNot , noMetadata ) )
      ListItem ( Reference ( 0 , place (... local: local ( 22 ) , projection: .ProjectionElems ) , mutabilityNot , noMetadata ) ) ) , ty ( 22 ) , mutabilityMut ) )
      ListItem ( typedValue ( Moved , ty ( 2 ) , mutabilityMut ) )
      ListItem ( typedValue ( Moved , ty ( 2 ) , mutabilityMut ) )
      ListItem ( typedValue ( BoolVal ( false ) , ty ( 18 ) , mutabilityNot ) )
      ListItem ( typedValue ( Reference ( 0 , place (... local: local ( 1 ) , projection: .ProjectionElems ) , mutabilityNot , noMetadata ) , ty ( 2 ) , mutabilityNot ) )
      ListItem ( typedValue ( Reference ( 0 , place (... local: local ( 22 ) , projection: .ProjectionElems ) , mutabilityNot , noMetadata ) , ty ( 2 ) , mutabilityNot ) )
      ListItem ( typedValue ( Moved , ty ( 18 ) , mutabilityMut ) )
      ListItem ( typedValue ( Moved , ty ( 18 ) , mutabilityMut ) )
      ListItem ( typedValue ( Moved , ty ( 18 ) , mutabilityMut ) )
      ListItem ( newLocal ( ty ( 13 ) , mutabilityNot ) )
      ListItem ( newLocal ( ty ( 12 ) , mutabilityNot ) )
      ListItem ( newLocal ( ty ( 14 ) , mutabilityMut ) )
    </locals>
  </currentFrame>
  <stack>
    ListItem ( StackFrame ( ty ( -1 ) , place (... local: local ( -1 ) , projection: .ProjectionElems ) , noBasicBlockIdx , unwindActionUnreachable , ListItem ( newLocal ( ty ( 0 ) , mutabilityNot ) )
    ListItem ( typedValue ( BoolVal ( false ) , ty ( 18 ) , mutabilityNot ) )
    ListItem ( typedValue ( Integer ( 32 , 8 , false ) , ty ( 9 ) , mutabilityNot ) )
    ListItem ( typedValue ( Integer ( -1051970500 , 32 , true ) , ty ( 8 ) , mutabilityNot ) ) ) )
  </stack>
</kmir>