<kmir>
  <k>
    #execTerminator ( terminator (... kind: terminatorKindCall (... func: operandConstant ( constOperand (... span: span ( 0 ) , userTy: noUserTypeAnnotationIndex , const: mirConst (... kind: constantKindZeroSized , ty: ty ( -4 ) , id: mirConstId ( 0 ) ) ) ) , args: operandCopy ( place (... local: local ( 1 ) , projection: .ProjectionElems ) )  operandCopy ( place (... local: local ( 2 ) , projection: .ProjectionElems ) )  operandCopy ( place (... local: local ( 3 ) , projection: .ProjectionElems ) )  .Operands , destination: place (... local: local ( 0 ) , projection: .ProjectionElems ) , target: noBasicBlockIdx , unwind: unwindActionContinue ) , span: span ( 0 ) ) ) ~> .K
  </k>
  <retVal>
    noReturn
  </retVal>
  <currentFunc>
    ty ( -1 )
  </currentFunc>
  <currentFrame>
    <currentBody>
      .List
    </currentBody>
    <caller>
      ty ( -1 )
    </caller>
    <dest>
      place (... local: local ( -1 ) , projection: .ProjectionElems )
    </dest>
    <target>
      noBasicBlockIdx
    </target>
    <unwind>
      unwindActionUnreachable
    </unwind>
    <locals>
      ListItem ( newLocal ( ty ( 0 ) , mutabilityNot ) )
      ListItem ( typedValue ( BoolVal ( false ) , ty ( 18 ) , mutabilityNot ) )
      ListItem ( typedValue ( Integer ( 77 , 8 , false ) , ty ( 9 ) , mutabilityNot ) )
      ListItem ( typedValue ( Integer ( -1940095024 , 32 , true ) , ty ( 8 ) , mutabilityNot ) )
    </locals>
  </currentFrame>
  <stack>
    .List
  </stack>
</kmir>